2026-05-19 16:30:17  INFO      ============================================================
2026-05-19 16:30:17  INFO      NSE Historical Bhav Copy Downloader
2026-05-19 16:30:17  INFO        Date range : 2023-01-01 → 2023-12-31
2026-05-19 16:30:17  INFO        Weekdays   : 260
2026-05-19 16:30:17  INFO        Output root: /home/runner/work/nse-delivery-data/nse-delivery-data/HistoricalBhavCopy/NSE
2026-05-19 16:30:17  INFO      ============================================================
2026-05-19 16:30:17  INFO      Warming up NSE session (acquiring cookies)…
2026-05-19 16:30:17  WARNING   NSE warm-up failed (will still attempt downloads): 403 Client Error: Forbidden for url: https://www.nseindia.com/
2026-05-19 16:30:17  INFO      [   1 /  260]  Monday, 02 Jan 2023
2026-05-19 16:30:17  INFO        [FETCH]     https://nsearchives.nseindia.com/content/historical/EQUITIES/2023/JAN/cm02JAN2023bhav.csv.zip
2026-05-19 16:30:18  INFO        [SAVED]     HistoricalBhavCopy/NSE/2023/cm02JAN2023bhav.csv  (216 KB)
2026-05-19 16:30:20  INFO      [   2 /  260]  Tuesday, 03 Jan 2023
2026-05-19 16:30:20  INFO        [FETCH]     https://nsearchives.nseindia.com/content/historical/EQUITIES/2023/JAN/cm03JAN2023bhav.csv.zip
2026-05-19 16:30:21  INFO        [SAVED]     HistoricalBhavCopy/NSE/2023/cm03JAN2023bhav.csv  (216 KB)
2026-05-19 16:30:22  INFO      [   3 /  260]  Wednesday, 04 Jan 2023
2026-05-19 16:30:22  INFO        [FETCH]     https://nsearchives.nseindia.com/content/historical/EQUITIES/2023/JAN/cm04JAN2023bhav.csv.zip
2026-05-19 16:30:23  INFO        [SAVED]     HistoricalBhavCopy/NSE/2023/cm04JAN2023bhav.csv  (216 KB)
2026-05-19 16:30:25  INFO      [   4 /  260]  Thursday, 05 Jan 2023
2026-05-19 16:30:25  INFO        [FETCH]     https://nsearchives.nseindia.com/content/historical/EQUITIES/2023/JAN/cm05JAN2023bhav.csv.zip
2026-05-19 16:30:26  INFO        [SAVED]     HistoricalBhavCopy/NSE/2023/cm05JAN2023bhav.csv  (213 KB)
2026-05-19 16:30:28  INFO      [   5 /  260]  Friday, 06 Jan 2023
2026-05-19 16:30:28  INFO        [FETCH]     https://nsearchives.nseindia.com/content/historical/EQUITIES/2023/JAN/cm06JAN2023bhav.csv.zip
2026-05-19 16:30:29  INFO        [SAVED]     HistoricalBhavCopy/NSE/2023/cm06JAN2023bhav.csv  (216 KB)
2026-05-19 16:30:31  INFO      [   6 /  260]  Monday, 09 Jan 2023
2026-05-19 16:30:31  INFO        [FETCH]     https://nsearchives.nseindia.com/content/historical/EQUITIES/2023/JAN/cm09JAN2023bhav.csv.zip
2026-05-19 16:30:31  INFO        [SAVED]     HistoricalBhavCopy/NSE/2023/cm09JAN2023bhav.csv  (216 KB)
2026-05-19 16:30:35  INFO      [   7 /  260]  Tuesday, 10 Jan 2023
2026-05-19 16:30:35  INFO        [FETCH]     https://nsearchives.nseindia.com/content/historical/EQUITIES/2023/JAN/cm10JAN2023bhav.csv.zip
2026-05-19 16:30:35  INFO        [SAVED]     HistoricalBhavCopy/NSE/2023/cm10JAN2023bhav.csv  (213 KB)
2026-05-19 16:30:38  INFO      [   8 /  260]  Wednesday, 11 Jan 2023
2026-05-19 16:30:38  INFO        [FETCH]     https://nsearchives.nseindia.com/content/historical/EQUITIES/2023/JAN/cm11JAN2023bhav.csv.zip
2026-05-19 16:30:38  INFO        [SAVED]     HistoricalBhavCopy/NSE/2023/cm11JAN2023bhav.csv  (213 KB)
2026-05-19 16:30:41  INFO      [   9 /  260]  Thursday, 12 Jan 2023
2026-05-19 16:30:41  INFO        [FETCH]     https://nsearchives.nseindia.com/content/historical/EQUITIES/2023/JAN/cm12JAN2023bhav.csv.zip
2026-05-19 16:30:42  INFO        [SAVED]     HistoricalBhavCopy/NSE/2023/cm12JAN2023bhav.csv  (213 KB)
2026-05-19 16:30:46  INFO      [  10 /  260]  Friday, 13 Jan 2023
2026-05-19 16:30:46  INFO        [FETCH]     https://nsearchives.nseindia.com/content/historical/EQUITIES/2023/JAN/cm13JAN2023bhav.csv.zip
2026-05-19 16:30:46  INFO        [SAVED]     HistoricalBhavCopy/NSE/2023/cm13JAN2023bhav.csv  (212 KB)
2026-05-19 16:30:48  INFO      [  11 /  260]  Monday, 16 Jan 2023
2026-05-19 16:30:48  INFO        [FETCH]     https://nsearchives.nseindia.com/content/historical/EQUITIES/2023/JAN/cm16JAN2023bhav.csv.zip
2026-05-19 16:30:48  INFO        [SAVED]     HistoricalBhavCopy/NSE/2023/cm16JAN2023bhav.csv  (216 KB)
2026-05-19 16:30:52  INFO      [  12 /  260]  Tuesday, 17 Jan 2023
2026-05-19 16:30:52  INFO        [FETCH]     https://nsearchives.nseindia.com/content/historical/EQUITIES/2023/JAN/cm17JAN2023bhav.csv.zip
2026-05-19 16:30:52  INFO        [SAVED]     HistoricalBhavCopy/NSE/2023/cm17JAN2023bhav.csv  (211 KB)
2026-05-19 16:30:55  INFO      [  13 /  260]  Wednesday, 18 Jan 2023
2026-05-19 16:30:55  INFO        [FETCH]     https://nsearchives.nseindia.com/content/historical/EQUITIES/2023/JAN/cm18JAN2023bhav.csv.zip
2026-05-19 16:30:56  INFO        [SAVED]     HistoricalBhavCopy/NSE/2023/cm18JAN2023bhav.csv  (212 KB)
2026-05-19 16:30:58  INFO      [  14 /  260]  Thursday, 19 Jan 2023
2026-05-19 16:30:58  INFO        [FETCH]     https://nsearchives.nseindia.com/content/historical/EQUITIES/2023/JAN/cm19JAN2023bhav.csv.zip
2026-05-19 16:30:59  INFO        [SAVED]     HistoricalBhavCopy/NSE/2023/cm19JAN2023bhav.csv  (212 KB)
2026-05-19 16:31:01  INFO      [  15 /  260]  Friday, 20 Jan 2023
2026-05-19 16:31:01  INFO        [FETCH]     https://nsearchives.nseindia.com/content/historical/EQUITIES/2023/JAN/cm20JAN2023bhav.csv.zip
2026-05-19 16:31:02  INFO        [SAVED]     HistoricalBhavCopy/NSE/2023/cm20JAN2023bhav.csv  (213 KB)
2026-05-19 16:31:05  INFO      [  16 /  260]  Monday, 23 Jan 2023
2026-05-19 16:31:05  INFO        [FETCH]     https://nsearchives.nseindia.com/content/historical/EQUITIES/2023/JAN/cm23JAN2023bhav.csv.zip
2026-05-19 16:31:06  INFO        [SAVED]     HistoricalBhavCopy/NSE/2023/cm23JAN2023bhav.csv  (216 KB)
2026-05-19 16:31:08  INFO      [  17 /  260]  Tuesday, 24 Jan 2023
2026-05-19 16:31:08  INFO        [FETCH]     https://nsearchives.nseindia.com/content/historical/EQUITIES/2023/JAN/cm24JAN2023bhav.csv.zip
2026-05-19 16:31:08  INFO        [SAVED]     HistoricalBhavCopy/NSE/2023/cm24JAN2023bhav.csv  (212 KB)
2026-05-19 16:31:10  INFO      [  18 /  260]  Wednesday, 25 Jan 2023
2026-05-19 16:31:10  INFO        [FETCH]     https://nsearchives.nseindia.com/content/historical/EQUITIES/2023/JAN/cm25JAN2023bhav.csv.zip
2026-05-19 16:31:10  INFO        [SAVED]     HistoricalBhavCopy/NSE/2023/cm25JAN2023bhav.csv  (212 KB)
2026-05-19 16:31:14  INFO      [  19 /  260]  Thursday, 26 Jan 2023
2026-05-19 16:31:14  INFO        [FETCH]     https://nsearchives.nseindia.com/content/historical/EQUITIES/2023/JAN/cm26JAN2023bhav.csv.zip
2026-05-19 16:31:14  INFO        [HOLIDAY]   26-Jan-2023 → 404 (market holiday or no data)
2026-05-19 16:31:15  INFO      [  20 /  260]  Friday, 27 Jan 2023
2026-05-19 16:31:15  INFO        [FETCH]     https://nsearchives.nseindia.com/content/historical/EQUITIES/2023/JAN/cm27JAN2023bhav.csv.zip
2026-05-19 16:31:16  INFO        [SAVED]     HistoricalBhavCopy/NSE/2023/cm27JAN2023bhav.csv  (214 KB)
2026-05-19 16:31:18  INFO      [  21 /  260]  Monday, 30 Jan 2023
2026-05-19 16:31:18  INFO        [FETCH]     https://nsearchives.nseindia.com/content/historical/EQUITIES/2023/JAN/cm30JAN2023bhav.csv.zip
2026-05-19 16:31:18  INFO        [SAVED]     HistoricalBhavCopy/NSE/2023/cm30JAN2023bhav.csv  (216 KB)
2026-05-19 16:31:21  INFO      [  22 /  260]  Tuesday, 31 Jan 2023
2026-05-19 16:31:21  INFO        [FETCH]     https://nsearchives.nseindia.com/content/historical/EQUITIES/2023/JAN/cm31JAN2023bhav.csv.zip
2026-05-19 16:31:22  INFO        [SAVED]     HistoricalBhavCopy/NSE/2023/cm31JAN2023bhav.csv  (213 KB)
2026-05-19 16:31:26  INFO      [  23 /  260]  Wednesday, 01 Feb 2023
2026-05-19 16:31:26  INFO        [FETCH]     https://nsearchives.nseindia.com/content/historical/EQUITIES/2023/FEB/cm01FEB2023bhav.csv.zip
2026-05-19 16:31:26  INFO        [SAVED]     HistoricalBhavCopy/NSE/2023/cm01FEB2023bhav.csv  (212 KB)
2026-05-19 16:31:28  INFO      [  24 /  260]  Thursday, 02 Feb 2023
2026-05-19 16:31:28  INFO        [FETCH]     https://nsearchives.nseindia.com/content/historical/EQUITIES/2023/FEB/cm02FEB2023bhav.csv.zip
2026-05-19 16:31:28  INFO        [SAVED]     HistoricalBhavCopy/NSE/2023/cm02FEB2023bhav.csv  (212 KB)
2026-05-19 16:31:31  INFO      [  25 /  260]  Friday, 03 Feb 2023
2026-05-19 16:31:31  INFO        [FETCH]     https://nsearchives.nseindia.com/content/historical/EQUITIES/2023/FEB/cm03FEB2023bhav.csv.zip
2026-05-19 16:31:32  INFO        [SAVED]     HistoricalBhavCopy/NSE/2023/cm03FEB2023bhav.csv  (214 KB)
2026-05-19 16:31:33  INFO      ── Re-warming NSE session (request 26 / 260) ──
2026-05-19 16:31:33  INFO      Warming up NSE session (acquiring cookies)…
2026-05-19 16:31:33  WARNING   NSE warm-up failed (will still attempt downloads): 403 Client Error: Forbidden for url: https://www.nseindia.com/
2026-05-19 16:31:33  INFO      [  26 /  260]  Monday, 06 Feb 2023
2026-05-19 16:31:33  INFO        [FETCH]     https://nsearchives.nseindia.com/content/historical/EQUITIES/2023/FEB/cm06FEB2023bhav.csv.zip
2026-05-19 16:31:34  INFO        [SAVED]     HistoricalBhavCopy/NSE/2023/cm06FEB2023bhav.csv  (215 KB)
2026-05-19 16:31:35  INFO      [  27 /  260]  Tuesday, 07 Feb 2023
2026-05-19 16:31:35  INFO        [FETCH]     https://nsearchives.nseindia.com/content/historical/EQUITIES/2023/FEB/cm07FEB2023bhav.csv.zip
2026-05-19 16:31:36  INFO        [SAVED]     HistoricalBhavCopy/NSE/2023/cm07FEB2023bhav.csv  (213 KB)
2026-05-19 16:31:38  INFO      [  28 /  260]  Wednesday, 08 Feb 2023
2026-05-19 16:31:38  INFO        [FETCH]     https://nsearchives.nseindia.com/content/historical/EQUITIES/2023/FEB/cm08FEB2023bhav.csv.zip
2026-05-19 16:31:38  INFO        [SAVED]     HistoricalBhavCopy/NSE/2023/cm08FEB2023bhav.csv  (211 KB)
2026-05-19 16:31:40  INFO      [  29 /  260]  Thursday, 09 Feb 2023
2026-05-19 16:31:40  INFO        [FETCH]     https://nsearchives.nseindia.com/content/historical/EQUITIES/2023/FEB/cm09FEB2023bhav.csv.zip
2026-05-19 16:31:41  INFO        [SAVED]     HistoricalBhavCopy/NSE/2023/cm09FEB2023bhav.csv  (212 KB)
2026-05-19 16:31:44  INFO      [  30 /  260]  Friday, 10 Feb 2023
2026-05-19 16:31:44  INFO        [FETCH]     https://nsearchives.nseindia.com/content/historical/EQUITIES/2023/FEB/cm10FEB2023bhav.csv.zip
2026-05-19 16:31:44  INFO        [SAVED]     HistoricalBhavCopy/NSE/2023/cm10FEB2023bhav.csv  (211 KB)
2026-05-19 16:31:46  INFO      [  31 /  260]  Monday, 13 Feb 2023
2026-05-19 16:31:46  INFO        [FETCH]     https://nsearchives.nseindia.com/content/historical/EQUITIES/2023/FEB/cm13FEB2023bhav.csv.zip
2026-05-19 16:31:47  INFO        [SAVED]     HistoricalBhavCopy/NSE/2023/cm13FEB2023bhav.csv  (214 KB)
2026-05-19 16:31:49  INFO      [  32 /  260]  Tuesday, 14 Feb 2023
2026-05-19 16:31:49  INFO        [FETCH]     https://nsearchives.nseindia.com/content/historical/EQUITIES/2023/FEB/cm14FEB2023bhav.csv.zip
2026-05-19 16:31:49  INFO        [SAVED]     HistoricalBhavCopy/NSE/2023/cm14FEB2023bhav.csv  (211 KB)
2026-05-19 16:31:51  INFO      [  33 /  260]  Wednesday, 15 Feb 2023
2026-05-19 16:31:51  INFO        [FETCH]     https://nsearchives.nseindia.com/content/historical/EQUITIES/2023/FEB/cm15FEB2023bhav.csv.zip
2026-05-19 16:31:52  INFO        [SAVED]     HistoricalBhavCopy/NSE/2023/cm15FEB2023bhav.csv  (211 KB)
2026-05-19 16:31:54  INFO      [  34 /  260]  Thursday, 16 Feb 2023
2026-05-19 16:31:54  INFO        [FETCH]     https://nsearchives.nseindia.com/content/historical/EQUITIES/2023/FEB/cm16FEB2023bhav.csv.zip
2026-05-19 16:31:54  INFO        [SAVED]     HistoricalBhavCopy/NSE/2023/cm16FEB2023bhav.csv  (212 KB)
2026-05-19 16:31:57  INFO      [  35 /  260]  Friday, 17 Feb 2023
2026-05-19 16:31:57  INFO        [FETCH]     https://nsearchives.nseindia.com/content/historical/EQUITIES/2023/FEB/cm17FEB2023bhav.csv.zip
2026-05-19 16:32:01  INFO        [SAVED]     HistoricalBhavCopy/NSE/2023/cm17FEB2023bhav.csv  (212 KB)
2026-05-19 16:32:04  INFO      [  36 /  260]  Monday, 20 Feb 2023
2026-05-19 16:32:04  INFO        [FETCH]     https://nsearchives.nseindia.com/content/historical/EQUITIES/2023/FEB/cm20FEB2023bhav.csv.zip
2026-05-19 16:32:05  INFO        [SAVED]     HistoricalBhavCopy/NSE/2023/cm20FEB2023bhav.csv  (214 KB)
2026-05-19 16:32:08  INFO      [  37 /  260]  Tuesday, 21 Feb 2023
2026-05-19 16:32:08  INFO        [FETCH]     https://nsearchives.nseindia.com/content/historical/EQUITIES/2023/FEB/cm21FEB2023bhav.csv.zip
2026-05-19 16:32:10  INFO        [SAVED]     HistoricalBhavCopy/NSE/2023/cm21FEB2023bhav.csv  (212 KB)
2026-05-19 16:32:13  INFO      [  38 /  260]  Wednesday, 22 Feb 2023
2026-05-19 16:32:13  INFO        [FETCH]     https://nsearchives.nseindia.com/content/historical/EQUITIES/2023/FEB/cm22FEB2023bhav.csv.zip
2026-05-19 16:32:13  INFO        [SAVED]     HistoricalBhavCopy/NSE/2023/cm22FEB2023bhav.csv  (213 KB)
2026-05-19 16:32:16  INFO      [  39 /  260]  Thursday, 23 Feb 2023
2026-05-19 16:32:16  INFO        [FETCH]     https://nsearchives.nseindia.com/content/historical/EQUITIES/2023/FEB/cm23FEB2023bhav.csv.zip
2026-05-19 16:32:17  INFO        [SAVED]     HistoricalBhavCopy/NSE/2023/cm23FEB2023bhav.csv  (210 KB)
2026-05-19 16:32:20  INFO      [  40 /  260]  Friday, 24 Feb 2023
2026-05-19 16:32:20  INFO        [FETCH]     https://nsearchives.nseindia.com/content/historical/EQUITIES/2023/FEB/cm24FEB2023bhav.csv.zip
2026-05-19 16:32:21  INFO        [SAVED]     HistoricalBhavCopy/NSE/2023/cm24FEB2023bhav.csv  (212 KB)
2026-05-19 16:32:23  INFO      [  41 /  260]  Monday, 27 Feb 2023
2026-05-19 16:32:23  INFO        [FETCH]     https://nsearchives.nseindia.com/content/historical/EQUITIES/2023/FEB/cm27FEB2023bhav.csv.zip
2026-05-19 16:32:24  INFO        [SAVED]     HistoricalBhavCopy/NSE/2023/cm27FEB2023bhav.csv  (217 KB)
2026-05-19 16:32:25  INFO      [  42 /  260]  Tuesday, 28 Feb 2023
2026-05-19 16:32:25  INFO        [FETCH]     https://nsearchives.nseindia.com/content/historical/EQUITIES/2023/FEB/cm28FEB2023bhav.csv.zip
2026-05-19 16:32:25  INFO        [SAVED]     HistoricalBhavCopy/NSE/2023/cm28FEB2023bhav.csv  (213 KB)
2026-05-19 16:32:29  INFO      [  43 /  260]  Wednesday, 01 Mar 2023
2026-05-19 16:32:29  INFO        [FETCH]     https://nsearchives.nseindia.com/content/historical/EQUITIES/2023/MAR/cm01MAR2023bhav.csv.zip
2026-05-19 16:32:29  INFO        [SAVED]     HistoricalBhavCopy/NSE/2023/cm01MAR2023bhav.csv  (213 KB)
2026-05-19 16:32:33  INFO      [  44 /  260]  Thursday, 02 Mar 2023
2026-05-19 16:32:33  INFO        [FETCH]     https://nsearchives.nseindia.com/content/historical/EQUITIES/2023/MAR/cm02MAR2023bhav.csv.zip
2026-05-19 16:32:33  INFO        [SAVED]     HistoricalBhavCopy/NSE/2023/cm02MAR2023bhav.csv  (213 KB)
2026-05-19 16:32:35  INFO      [  45 /  260]  Friday, 03 Mar 2023
2026-05-19 16:32:35  INFO        [FETCH]     https://nsearchives.nseindia.com/content/historical/EQUITIES/2023/MAR/cm03MAR2023bhav.csv.zip
2026-05-19 16:32:36  INFO        [SAVED]     HistoricalBhavCopy/NSE/2023/cm03MAR2023bhav.csv  (215 KB)
2026-05-19 16:32:38  INFO      [  46 /  260]  Monday, 06 Mar 2023
2026-05-19 16:32:38  INFO        [FETCH]     https://nsearchives.nseindia.com/content/historical/EQUITIES/2023/MAR/cm06MAR2023bhav.csv.zip
2026-05-19 16:32:38  INFO        [SAVED]     HistoricalBhavCopy/NSE/2023/cm06MAR2023bhav.csv  (218 KB)
2026-05-19 16:32:40  INFO      [  47 /  260]  Tuesday, 07 Mar 2023
2026-05-19 16:32:40  INFO        [FETCH]     https://nsearchives.nseindia.com/content/historical/EQUITIES/2023/MAR/cm07MAR2023bhav.csv.zip
2026-05-19 16:32:40  INFO        [HOLIDAY]   07-Mar-2023 → 404 (market holiday or no data)
2026-05-19 16:32:41  INFO      [  48 /  260]  Wednesday, 08 Mar 2023
2026-05-19 16:32:41  INFO        [FETCH]     https://nsearchives.nseindia.com/content/historical/EQUITIES/2023/MAR/cm08MAR2023bhav.csv.zip
2026-05-19 16:32:43  INFO        [SAVED]     HistoricalBhavCopy/NSE/2023/cm08MAR2023bhav.csv  (215 KB)
2026-05-19 16:32:46  INFO      [  49 /  260]  Thursday, 09 Mar 2023
2026-05-19 16:32:46  INFO        [FETCH]     https://nsearchives.nseindia.com/content/historical/EQUITIES/2023/MAR/cm09MAR2023bhav.csv.zip
2026-05-19 16:32:46  INFO        [SAVED]     HistoricalBhavCopy/NSE/2023/cm09MAR2023bhav.csv  (216 KB)
2026-05-19 16:32:49  INFO      [  50 /  260]  Friday, 10 Mar 2023
2026-05-19 16:32:49  INFO        [FETCH]     https://nsearchives.nseindia.com/content/historical/EQUITIES/2023/MAR/cm10MAR2023bhav.csv.zip
2026-05-19 16:32:50  INFO        [SAVED]     HistoricalBhavCopy/NSE/2023/cm10MAR2023bhav.csv  (212 KB)
2026-05-19 16:32:52  INFO      ── Re-warming NSE session (request 51 / 260) ──
2026-05-19 16:32:52  INFO      Warming up NSE session (acquiring cookies)…
2026-05-19 16:32:52  WARNING   NSE warm-up failed (will still attempt downloads): 403 Client Error: Forbidden for url: https://www.nseindia.com/
2026-05-19 16:32:52  INFO      [  51 /  260]  Monday, 13 Mar 2023
2026-05-19 16:32:52  INFO        [FETCH]     https://nsearchives.nseindia.com/content/historical/EQUITIES/2023/MAR/cm13MAR2023bhav.csv.zip
2026-05-19 16:32:52  INFO        [SAVED]     HistoricalBhavCopy/NSE/2023/cm13MAR2023bhav.csv  (217 KB)
2026-05-19 16:32:55  INFO      [  52 /  260]  Tuesday, 14 Mar 2023
2026-05-19 16:32:55  INFO        [FETCH]     https://nsearchives.nseindia.com/content/historical/EQUITIES/2023/MAR/cm14MAR2023bhav.csv.zip
2026-05-19 16:32:56  INFO        [SAVED]     HistoricalBhavCopy/NSE/2023/cm14MAR2023bhav.csv  (217 KB)
2026-05-19 16:32:58  INFO      [  53 /  260]  Wednesday, 15 Mar 2023
2026-05-19 16:32:58  INFO        [FETCH]     https://nsearchives.nseindia.com/content/historical/EQUITIES/2023/MAR/cm15MAR2023bhav.csv.zip
2026-05-19 16:32:59  INFO        [SAVED]     HistoricalBhavCopy/NSE/2023/cm15MAR2023bhav.csv  (213 KB)
2026-05-19 16:33:02  INFO      [  54 /  260]  Thursday, 16 Mar 2023
2026-05-19 16:33:02  INFO        [FETCH]     https://nsearchives.nseindia.com/content/historical/EQUITIES/2023/MAR/cm16MAR2023bhav.csv.zip
2026-05-19 16:33:02  INFO        [SAVED]     HistoricalBhavCopy/NSE/2023/cm16MAR2023bhav.csv  (215 KB)
2026-05-19 16:33:05  INFO      [  55 /  260]  Friday, 17 Mar 2023
2026-05-19 16:33:05  INFO        [FETCH]     https://nsearchives.nseindia.com/content/historical/EQUITIES/2023/MAR/cm17MAR2023bhav.csv.zip
2026-05-19 16:33:05  INFO        [SAVED]     HistoricalBhavCopy/NSE/2023/cm17MAR2023bhav.csv  (214 KB)
2026-05-19 16:33:09  INFO      [  56 /  260]  Monday, 20 Mar 2023
2026-05-19 16:33:09  INFO        [FETCH]     https://nsearchives.nseindia.com/content/historical/EQUITIES/2023/MAR/cm20MAR2023bhav.csv.zip
2026-05-19 16:33:09  INFO        [SAVED]     HistoricalBhavCopy/NSE/2023/cm20MAR2023bhav.csv  (216 KB)
2026-05-19 16:33:12  INFO      [  57 /  260]  Tuesday, 21 Mar 2023
2026-05-19 16:33:12  INFO        [FETCH]     https://nsearchives.nseindia.com/content/historical/EQUITIES/2023/MAR/cm21MAR2023bhav.csv.zip
2026-05-19 16:33:12  INFO        [SAVED]     HistoricalBhavCopy/NSE/2023/cm21MAR2023bhav.csv  (214 KB)
2026-05-19 16:33:15  INFO      [  58 /  260]  Wednesday, 22 Mar 2023
2026-05-19 16:33:15  INFO        [FETCH]     https://nsearchives.nseindia.com/content/historical/EQUITIES/2023/MAR/cm22MAR2023bhav.csv.zip
2026-05-19 16:33:16  INFO        [SAVED]     HistoricalBhavCopy/NSE/2023/cm22MAR2023bhav.csv  (213 KB)
2026-05-19 16:33:18  INFO      [  59 /  260]  Thursday, 23 Mar 2023
2026-05-19 16:33:18  INFO        [FETCH]     https://nsearchives.nseindia.com/content/historical/EQUITIES/2023/MAR/cm23MAR2023bhav.csv.zip
2026-05-19 16:33:19  INFO        [SAVED]     HistoricalBhavCopy/NSE/2023/cm23MAR2023bhav.csv  (213 KB)
2026-05-19 16:33:22  INFO      [  60 /  260]  Friday, 24 Mar 2023
2026-05-19 16:33:22  INFO        [FETCH]     https://nsearchives.nseindia.com/content/historical/EQUITIES/2023/MAR/cm24MAR2023bhav.csv.zip
2026-05-19 16:33:22  INFO        [SAVED]     HistoricalBhavCopy/NSE/2023/cm24MAR2023bhav.csv  (217 KB)
2026-05-19 16:33:24  INFO      [  61 /  260]  Monday, 27 Mar 2023
2026-05-19 16:33:24  INFO        [FETCH]     https://nsearchives.nseindia.com/content/historical/EQUITIES/2023/MAR/cm27MAR2023bhav.csv.zip
2026-05-19 16:33:25  INFO        [SAVED]     HistoricalBhavCopy/NSE/2023/cm27MAR2023bhav.csv  (218 KB)
2026-05-19 16:33:28  INFO      [  62 /  260]  Tuesday, 28 Mar 2023
2026-05-19 16:33:28  INFO        [FETCH]     https://nsearchives.nseindia.com/content/historical/EQUITIES/2023/MAR/cm28MAR2023bhav.csv.zip
2026-05-19 16:33:28  INFO        [SAVED]     HistoricalBhavCopy/NSE/2023/cm28MAR2023bhav.csv  (216 KB)
2026-05-19 16:33:31  INFO      [  63 /  260]  Wednesday, 29 Mar 2023
2026-05-19 16:33:31  INFO        [FETCH]     https://nsearchives.nseindia.com/content/historical/EQUITIES/2023/MAR/cm29MAR2023bhav.csv.zip
2026-05-19 16:33:32  INFO        [SAVED]     HistoricalBhavCopy/NSE/2023/cm29MAR2023bhav.csv  (215 KB)
2026-05-19 16:33:33  INFO      [  64 /  260]  Thursday, 30 Mar 2023
2026-05-19 16:33:33  INFO        [FETCH]     https://nsearchives.nseindia.com/content/historical/EQUITIES/2023/MAR/cm30MAR2023bhav.csv.zip
2026-05-19 16:33:34  INFO        [HOLIDAY]   30-Mar-2023 → 404 (market holiday or no data)
2026-05-19 16:33:34  INFO      [  65 /  260]  Friday, 31 Mar 2023
2026-05-19 16:33:34  INFO        [FETCH]     https://nsearchives.nseindia.com/content/historical/EQUITIES/2023/MAR/cm31MAR2023bhav.csv.zip
2026-05-19 16:33:37  INFO        [SAVED]     HistoricalBhavCopy/NSE/2023/cm31MAR2023bhav.csv  (217 KB)
2026-05-19 16:33:39  INFO      [  66 /  260]  Monday, 03 Apr 2023
2026-05-19 16:33:39  INFO        [FETCH]     https://nsearchives.nseindia.com/content/historical/EQUITIES/2023/APR/cm03APR2023bhav.csv.zip
2026-05-19 16:33:40  INFO        [SAVED]     HistoricalBhavCopy/NSE/2023/cm03APR2023bhav.csv  (217 KB)
2026-05-19 16:33:43  INFO      [  67 /  260]  Tuesday, 04 Apr 2023
2026-05-19 16:33:43  INFO        [FETCH]     https://nsearchives.nseindia.com/content/historical/EQUITIES/2023/APR/cm04APR2023bhav.csv.zip
2026-05-19 16:33:44  INFO        [HOLIDAY]   04-Apr-2023 → 404 (market holiday or no data)
2026-05-19 16:33:45  INFO      [  68 /  260]  Wednesday, 05 Apr 2023
2026-05-19 16:33:45  INFO        [FETCH]     https://nsearchives.nseindia.com/content/historical/EQUITIES/2023/APR/cm05APR2023bhav.csv.zip
2026-05-19 16:33:45  INFO        [SAVED]     HistoricalBhavCopy/NSE/2023/cm05APR2023bhav.csv  (216 KB)
2026-05-19 16:33:48  INFO      [  69 /  260]  Thursday, 06 Apr 2023
2026-05-19 16:33:48  INFO        [FETCH]     https://nsearchives.nseindia.com/content/historical/EQUITIES/2023/APR/cm06APR2023bhav.csv.zip
2026-05-19 16:33:48  INFO        [SAVED]     HistoricalBhavCopy/NSE/2023/cm06APR2023bhav.csv  (216 KB)
2026-05-19 16:33:50  INFO      [  70 /  260]  Friday, 07 Apr 2023
2026-05-19 16:33:50  INFO        [FETCH]     https://nsearchives.nseindia.com/content/historical/EQUITIES/2023/APR/cm07APR2023bhav.csv.zip
2026-05-19 16:33:51  INFO        [HOLIDAY]   07-Apr-2023 → 404 (market holiday or no data)
2026-05-19 16:33:52  INFO      [  71 /  260]  Monday, 10 Apr 2023
2026-05-19 16:33:52  INFO        [FETCH]     https://nsearchives.nseindia.com/content/historical/EQUITIES/2023/APR/cm10APR2023bhav.csv.zip
2026-05-19 16:33:53  INFO        [SAVED]     HistoricalBhavCopy/NSE/2023/cm10APR2023bhav.csv  (218 KB)
2026-05-19 16:33:55  INFO      [  72 /  260]  Tuesday, 11 Apr 2023
2026-05-19 16:33:55  INFO        [FETCH]     https://nsearchives.nseindia.com/content/historical/EQUITIES/2023/APR/cm11APR2023bhav.csv.zip
2026-05-19 16:33:55  INFO        [SAVED]     HistoricalBhavCopy/NSE/2023/cm11APR2023bhav.csv  (215 KB)
2026-05-19 16:33:57  INFO      [  73 /  260]  Wednesday, 12 Apr 2023
2026-05-19 16:33:57  INFO        [FETCH]     https://nsearchives.nseindia.com/content/historical/EQUITIES/2023/APR/cm12APR2023bhav.csv.zip
2026-05-19 16:33:58  INFO        [SAVED]     HistoricalBhavCopy/NSE/2023/cm12APR2023bhav.csv  (216 KB)
2026-05-19 16:34:00  INFO      [  74 /  260]  Thursday, 13 Apr 2023
2026-05-19 16:34:00  INFO        [FETCH]     https://nsearchives.nseindia.com/content/historical/EQUITIES/2023/APR/cm13APR2023bhav.csv.zip
2026-05-19 16:34:00  INFO        [SAVED]     HistoricalBhavCopy/NSE/2023/cm13APR2023bhav.csv  (214 KB)
2026-05-19 16:34:02  INFO      [  75 /  260]  Friday, 14 Apr 2023
2026-05-19 16:34:02  INFO        [FETCH]     https://nsearchives.nseindia.com/content/historical/EQUITIES/2023/APR/cm14APR2023bhav.csv.zip
2026-05-19 16:34:03  INFO        [HOLIDAY]   14-Apr-2023 → 404 (market holiday or no data)
2026-05-19 16:34:04  INFO      ── Re-warming NSE session (request 76 / 260) ──
2026-05-19 16:34:04  INFO      Warming up NSE session (acquiring cookies)…
2026-05-19 16:34:07  INFO      NSE warm-up done  (status 404 | cookies: 6)
2026-05-19 16:34:07  INFO      [  76 /  260]  Monday, 17 Apr 2023
2026-05-19 16:34:07  INFO        [FETCH]     https://nsearchives.nseindia.com/content/historical/EQUITIES/2023/APR/cm17APR2023bhav.csv.zip
2026-05-19 16:34:07  INFO        [SAVED]     HistoricalBhavCopy/NSE/2023/cm17APR2023bhav.csv  (219 KB)
2026-05-19 16:34:11  INFO      [  77 /  260]  Tuesday, 18 Apr 2023
2026-05-19 16:34:11  INFO        [FETCH]     https://nsearchives.nseindia.com/content/historical/EQUITIES/2023/APR/cm18APR2023bhav.csv.zip
2026-05-19 16:34:11  INFO        [SAVED]     HistoricalBhavCopy/NSE/2023/cm18APR2023bhav.csv  (215 KB)
2026-05-19 16:34:13  INFO      [  78 /  260]  Wednesday, 19 Apr 2023
2026-05-19 16:34:13  INFO        [FETCH]     https://nsearchives.nseindia.com/content/historical/EQUITIES/2023/APR/cm19APR2023bhav.csv.zip
2026-05-19 16:34:14  INFO        [SAVED]     HistoricalBhavCopy/NSE/2023/cm19APR2023bhav.csv  (215 KB)
2026-05-19 16:34:16  INFO      [  79 /  260]  Thursday, 20 Apr 2023
2026-05-19 16:34:16  INFO        [FETCH]     https://nsearchives.nseindia.com/content/historical/EQUITIES/2023/APR/cm20APR2023bhav.csv.zip
2026-05-19 16:34:17  INFO        [SAVED]     HistoricalBhavCopy/NSE/2023/cm20APR2023bhav.csv  (214 KB)
2026-05-19 16:34:19  INFO      [  80 /  260]  Friday, 21 Apr 2023
2026-05-19 16:34:19  INFO        [FETCH]     https://nsearchives.nseindia.com/content/historical/EQUITIES/2023/APR/cm21APR2023bhav.csv.zip
2026-05-19 16:34:20  INFO        [SAVED]     HistoricalBhavCopy/NSE/2023/cm21APR2023bhav.csv  (214 KB)
2026-05-19 16:34:23  INFO      [  81 /  260]  Monday, 24 Apr 2023
2026-05-19 16:34:23  INFO        [FETCH]     https://nsearchives.nseindia.com/content/historical/EQUITIES/2023/APR/cm24APR2023bhav.csv.zip
2026-05-19 16:34:23  INFO        [SAVED]     HistoricalBhavCopy/NSE/2023/cm24APR2023bhav.csv  (218 KB)
2026-05-19 16:34:26  INFO      [  82 /  260]  Tuesday, 25 Apr 2023
2026-05-19 16:34:26  INFO        [FETCH]     https://nsearchives.nseindia.com/content/historical/EQUITIES/2023/APR/cm25APR2023bhav.csv.zip
2026-05-19 16:34:26  INFO        [SAVED]     HistoricalBhavCopy/NSE/2023/cm25APR2023bhav.csv  (214 KB)
2026-05-19 16:34:28  INFO      [  83 /  260]  Wednesday, 26 Apr 2023
2026-05-19 16:34:28  INFO        [FETCH]     https://nsearchives.nseindia.com/content/historical/EQUITIES/2023/APR/cm26APR2023bhav.csv.zip
2026-05-19 16:34:29  INFO        [SAVED]     HistoricalBhavCopy/NSE/2023/cm26APR2023bhav.csv  (215 KB)
2026-05-19 16:34:32  INFO      [  84 /  260]  Thursday, 27 Apr 2023
2026-05-19 16:34:32  INFO        [FETCH]     https://nsearchives.nseindia.com/content/historical/EQUITIES/2023/APR/cm27APR2023bhav.csv.zip
2026-05-19 16:34:32  INFO        [SAVED]     HistoricalBhavCopy/NSE/2023/cm27APR2023bhav.csv  (215 KB)
2026-05-19 16:34:35  INFO      [  85 /  260]  Friday, 28 Apr 2023
2026-05-19 16:34:35  INFO        [FETCH]     https://nsearchives.nseindia.com/content/historical/EQUITIES/2023/APR/cm28APR2023bhav.csv.zip
2026-05-19 16:34:37  INFO        [SAVED]     HistoricalBhavCopy/NSE/2023/cm28APR2023bhav.csv  (216 KB)
2026-05-19 16:34:40  INFO      [  86 /  260]  Monday, 01 May 2023
2026-05-19 16:34:40  INFO        [FETCH]     https://nsearchives.nseindia.com/content/historical/EQUITIES/2023/MAY/cm01MAY2023bhav.csv.zip
2026-05-19 16:34:41  INFO        [HOLIDAY]   01-May-2023 → 404 (market holiday or no data)
2026-05-19 16:34:42  INFO      [  87 /  260]  Tuesday, 02 May 2023
2026-05-19 16:34:42  INFO        [FETCH]     https://nsearchives.nseindia.com/content/historical/EQUITIES/2023/MAY/cm02MAY2023bhav.csv.zip
2026-05-19 16:34:42  INFO        [SAVED]     HistoricalBhavCopy/NSE/2023/cm02MAY2023bhav.csv  (220 KB)
2026-05-19 16:34:44  INFO      [  88 /  260]  Wednesday, 03 May 2023
2026-05-19 16:34:44  INFO        [FETCH]     https://nsearchives.nseindia.com/content/historical/EQUITIES/2023/MAY/cm03MAY2023bhav.csv.zip
2026-05-19 16:34:44  INFO        [SAVED]     HistoricalBhavCopy/NSE/2023/cm03MAY2023bhav.csv  (215 KB)
2026-05-19 16:34:46  INFO      [  89 /  260]  Thursday, 04 May 2023
2026-05-19 16:34:46  INFO        [FETCH]     https://nsearchives.nseindia.com/content/historical/EQUITIES/2023/MAY/cm04MAY2023bhav.csv.zip
2026-05-19 16:34:46  INFO        [SAVED]     HistoricalBhavCopy/NSE/2023/cm04MAY2023bhav.csv  (216 KB)
2026-05-19 16:34:48  INFO      [  90 /  260]  Friday, 05 May 2023
2026-05-19 16:34:48  INFO        [FETCH]     https://nsearchives.nseindia.com/content/historical/EQUITIES/2023/MAY/cm05MAY2023bhav.csv.zip
2026-05-19 16:34:50  INFO        [SAVED]     HistoricalBhavCopy/NSE/2023/cm05MAY2023bhav.csv  (214 KB)
2026-05-19 16:34:52  INFO      [  91 /  260]  Monday, 08 May 2023
2026-05-19 16:34:52  INFO        [FETCH]     https://nsearchives.nseindia.com/content/historical/EQUITIES/2023/MAY/cm08MAY2023bhav.csv.zip
2026-05-19 16:34:53  INFO        [SAVED]     HistoricalBhavCopy/NSE/2023/cm08MAY2023bhav.csv  (220 KB)
2026-05-19 16:34:55  INFO      [  92 /  260]  Tuesday, 09 May 2023
2026-05-19 16:34:55  INFO        [FETCH]     https://nsearchives.nseindia.com/content/historical/EQUITIES/2023/MAY/cm09MAY2023bhav.csv.zip
2026-05-19 16:34:56  INFO        [SAVED]     HistoricalBhavCopy/NSE/2023/cm09MAY2023bhav.csv  (218 KB)
2026-05-19 16:34:59  INFO      [  93 /  260]  Wednesday, 10 May 2023
2026-05-19 16:34:59  INFO        [FETCH]     https://nsearchives.nseindia.com/content/historical/EQUITIES/2023/MAY/cm10MAY2023bhav.csv.zip
2026-05-19 16:34:59  INFO        [SAVED]     HistoricalBhavCopy/NSE/2023/cm10MAY2023bhav.csv  (216 KB)
2026-05-19 16:35:03  INFO      [  94 /  260]  Thursday, 11 May 2023
2026-05-19 16:35:03  INFO        [FETCH]     https://nsearchives.nseindia.com/content/historical/EQUITIES/2023/MAY/cm11MAY2023bhav.csv.zip
2026-05-19 16:35:03  INFO        [SAVED]     HistoricalBhavCopy/NSE/2023/cm11MAY2023bhav.csv  (214 KB)
2026-05-19 16:35:06  INFO      [  95 /  260]  Friday, 12 May 2023
2026-05-19 16:35:06  INFO        [FETCH]     https://nsearchives.nseindia.com/content/historical/EQUITIES/2023/MAY/cm12MAY2023bhav.csv.zip
2026-05-19 16:35:08  INFO        [SAVED]     HistoricalBhavCopy/NSE/2023/cm12MAY2023bhav.csv  (214 KB)
2026-05-19 16:35:10  INFO      [  96 /  260]  Monday, 15 May 2023
2026-05-19 16:35:10  INFO        [FETCH]     https://nsearchives.nseindia.com/content/historical/EQUITIES/2023/MAY/cm15MAY2023bhav.csv.zip
2026-05-19 16:35:11  INFO        [SAVED]     HistoricalBhavCopy/NSE/2023/cm15MAY2023bhav.csv  (220 KB)
2026-05-19 16:35:13  INFO      [  97 /  260]  Tuesday, 16 May 2023
2026-05-19 16:35:13  INFO        [FETCH]     https://nsearchives.nseindia.com/content/historical/EQUITIES/2023/MAY/cm16MAY2023bhav.csv.zip
2026-05-19 16:35:14  INFO        [SAVED]     HistoricalBhavCopy/NSE/2023/cm16MAY2023bhav.csv  (215 KB)
2026-05-19 16:35:17  INFO      [  98 /  260]  Wednesday, 17 May 2023
2026-05-19 16:35:17  INFO        [FETCH]     https://nsearchives.nseindia.com/content/historical/EQUITIES/2023/MAY/cm17MAY2023bhav.csv.zip
2026-05-19 16:35:18  INFO        [SAVED]     HistoricalBhavCopy/NSE/2023/cm17MAY2023bhav.csv  (215 KB)
2026-05-19 16:35:20  INFO      [  99 /  260]  Thursday, 18 May 2023
2026-05-19 16:35:20  INFO        [FETCH]     https://nsearchives.nseindia.com/content/historical/EQUITIES/2023/MAY/cm18MAY2023bhav.csv.zip
2026-05-19 16:35:21  INFO        [SAVED]     HistoricalBhavCopy/NSE/2023/cm18MAY2023bhav.csv  (215 KB)
2026-05-19 16:35:22  INFO      [ 100 /  260]  Friday, 19 May 2023
2026-05-19 16:35:22  INFO        [FETCH]     https://nsearchives.nseindia.com/content/historical/EQUITIES/2023/MAY/cm19MAY2023bhav.csv.zip
2026-05-19 16:35:23  INFO        [SAVED]     HistoricalBhavCopy/NSE/2023/cm19MAY2023bhav.csv  (215 KB)
2026-05-19 16:35:25  INFO      ── Re-warming NSE session (request 101 / 260) ──
2026-05-19 16:35:25  INFO      Warming up NSE session (acquiring cookies)…
2026-05-19 16:35:25  WARNING   NSE warm-up failed (will still attempt downloads): 403 Client Error: Forbidden for url: https://www.nseindia.com/
2026-05-19 16:35:25  INFO      [ 101 /  260]  Monday, 22 May 2023
2026-05-19 16:35:25  INFO        [FETCH]     https://nsearchives.nseindia.com/content/historical/EQUITIES/2023/MAY/cm22MAY2023bhav.csv.zip
2026-05-19 16:35:26  INFO        [SAVED]     HistoricalBhavCopy/NSE/2023/cm22MAY2023bhav.csv  (220 KB)
2026-05-19 16:35:29  INFO      [ 102 /  260]  Tuesday, 23 May 2023
2026-05-19 16:35:29  INFO        [FETCH]     https://nsearchives.nseindia.com/content/historical/EQUITIES/2023/MAY/cm23MAY2023bhav.csv.zip
2026-05-19 16:35:29  INFO        [SAVED]     HistoricalBhavCopy/NSE/2023/cm23MAY2023bhav.csv  (215 KB)
2026-05-19 16:35:32  INFO      [ 103 /  260]  Wednesday, 24 May 2023
2026-05-19 16:35:32  INFO        [FETCH]     https://nsearchives.nseindia.com/content/historical/EQUITIES/2023/MAY/cm24MAY2023bhav.csv.zip
2026-05-19 16:35:33  INFO        [SAVED]     HistoricalBhavCopy/NSE/2023/cm24MAY2023bhav.csv  (216 KB)
2026-05-19 16:35:35  INFO      [ 104 /  260]  Thursday, 25 May 2023
2026-05-19 16:35:35  INFO        [FETCH]     https://nsearchives.nseindia.com/content/historical/EQUITIES/2023/MAY/cm25MAY2023bhav.csv.zip
2026-05-19 16:35:36  INFO        [SAVED]     HistoricalBhavCopy/NSE/2023/cm25MAY2023bhav.csv  (213 KB)
2026-05-19 16:35:39  INFO      [ 105 /  260]  Friday, 26 May 2023
2026-05-19 16:35:39  INFO        [FETCH]     https://nsearchives.nseindia.com/content/historical/EQUITIES/2023/MAY/cm26MAY2023bhav.csv.zip
2026-05-19 16:35:39  INFO        [SAVED]     HistoricalBhavCopy/NSE/2023/cm26MAY2023bhav.csv  (215 KB)
2026-05-19 16:35:42  INFO      [ 106 /  260]  Monday, 29 May 2023
2026-05-19 16:35:42  INFO        [FETCH]     https://nsearchives.nseindia.com/content/historical/EQUITIES/2023/MAY/cm29MAY2023bhav.csv.zip
2026-05-19 16:35:43  INFO        [SAVED]     HistoricalBhavCopy/NSE/2023/cm29MAY2023bhav.csv  (221 KB)
2026-05-19 16:35:45  INFO      [ 107 /  260]  Tuesday, 30 May 2023
2026-05-19 16:35:45  INFO        [FETCH]     https://nsearchives.nseindia.com/content/historical/EQUITIES/2023/MAY/cm30MAY2023bhav.csv.zip
2026-05-19 16:35:45  INFO        [SAVED]     HistoricalBhavCopy/NSE/2023/cm30MAY2023bhav.csv  (217 KB)
2026-05-19 16:35:47  INFO      [ 108 /  260]  Wednesday, 31 May 2023
2026-05-19 16:35:47  INFO        [FETCH]     https://nsearchives.nseindia.com/content/historical/EQUITIES/2023/MAY/cm31MAY2023bhav.csv.zip
2026-05-19 16:35:47  INFO        [SAVED]     HistoricalBhavCopy/NSE/2023/cm31MAY2023bhav.csv  (216 KB)
2026-05-19 16:35:49  INFO      [ 109 /  260]  Thursday, 01 Jun 2023
2026-05-19 16:35:49  INFO        [FETCH]     https://nsearchives.nseindia.com/content/historical/EQUITIES/2023/JUN/cm01JUN2023bhav.csv.zip
2026-05-19 16:35:49  INFO        [SAVED]     HistoricalBhavCopy/NSE/2023/cm01JUN2023bhav.csv  (221 KB)
2026-05-19 16:35:51  INFO      [ 110 /  260]  Friday, 02 Jun 2023
2026-05-19 16:35:51  INFO        [FETCH]     https://nsearchives.nseindia.com/content/historical/EQUITIES/2023/JUN/cm02JUN2023bhav.csv.zip
2026-05-19 16:35:52  INFO        [SAVED]     HistoricalBhavCopy/NSE/2023/cm02JUN2023bhav.csv  (219 KB)
2026-05-19 16:35:54  INFO      [ 111 /  260]  Monday, 05 Jun 2023
2026-05-19 16:35:54  INFO        [FETCH]     https://nsearchives.nseindia.com/content/historical/EQUITIES/2023/JUN/cm05JUN2023bhav.csv.zip
2026-05-19 16:35:55  INFO        [SAVED]     HistoricalBhavCopy/NSE/2023/cm05JUN2023bhav.csv  (224 KB)
2026-05-19 16:35:58  INFO      [ 112 /  260]  Tuesday, 06 Jun 2023
2026-05-19 16:35:58  INFO        [FETCH]     https://nsearchives.nseindia.com/content/historical/EQUITIES/2023/JUN/cm06JUN2023bhav.csv.zip
2026-05-19 16:35:58  INFO        [SAVED]     HistoricalBhavCopy/NSE/2023/cm06JUN2023bhav.csv  (220 KB)
2026-05-19 16:36:00  INFO      [ 113 /  260]  Wednesday, 07 Jun 2023
2026-05-19 16:36:00  INFO        [FETCH]     https://nsearchives.nseindia.com/content/historical/EQUITIES/2023/JUN/cm07JUN2023bhav.csv.zip
2026-05-19 16:36:01  INFO        [SAVED]     HistoricalBhavCopy/NSE/2023/cm07JUN2023bhav.csv  (222 KB)
2026-05-19 16:36:04  INFO      [ 114 /  260]  Thursday, 08 Jun 2023
2026-05-19 16:36:04  INFO        [FETCH]     https://nsearchives.nseindia.com/content/historical/EQUITIES/2023/JUN/cm08JUN2023bhav.csv.zip
2026-05-19 16:36:04  INFO        [SAVED]     HistoricalBhavCopy/NSE/2023/cm08JUN2023bhav.csv  (220 KB)
2026-05-19 16:36:06  INFO      [ 115 /  260]  Friday, 09 Jun 2023
2026-05-19 16:36:06  INFO        [FETCH]     https://nsearchives.nseindia.com/content/historical/EQUITIES/2023/JUN/cm09JUN2023bhav.csv.zip
2026-05-19 16:36:07  INFO        [SAVED]     HistoricalBhavCopy/NSE/2023/cm09JUN2023bhav.csv  (219 KB)
2026-05-19 16:36:09  INFO      [ 116 /  260]  Monday, 12 Jun 2023
2026-05-19 16:36:09  INFO        [FETCH]     https://nsearchives.nseindia.com/content/historical/EQUITIES/2023/JUN/cm12JUN2023bhav.csv.zip
2026-05-19 16:36:10  INFO        [SAVED]     HistoricalBhavCopy/NSE/2023/cm12JUN2023bhav.csv  (222 KB)
2026-05-19 16:36:13  INFO      [ 117 /  260]  Tuesday, 13 Jun 2023
2026-05-19 16:36:13  INFO        [FETCH]     https://nsearchives.nseindia.com/content/historical/EQUITIES/2023/JUN/cm13JUN2023bhav.csv.zip
2026-05-19 16:36:13  INFO        [SAVED]     HistoricalBhavCopy/NSE/2023/cm13JUN2023bhav.csv  (222 KB)
2026-05-19 16:36:16  INFO      [ 118 /  260]  Wednesday, 14 Jun 2023
2026-05-19 16:36:16  INFO        [FETCH]     https://nsearchives.nseindia.com/content/historical/EQUITIES/2023/JUN/cm14JUN2023bhav.csv.zip
2026-05-19 16:36:17  INFO        [SAVED]     HistoricalBhavCopy/NSE/2023/cm14JUN2023bhav.csv  (222 KB)
2026-05-19 16:36:20  INFO      [ 119 /  260]  Thursday, 15 Jun 2023
2026-05-19 16:36:20  INFO        [FETCH]     https://nsearchives.nseindia.com/content/historical/EQUITIES/2023/JUN/cm15JUN2023bhav.csv.zip
2026-05-19 16:36:20  INFO        [SAVED]     HistoricalBhavCopy/NSE/2023/cm15JUN2023bhav.csv  (222 KB)
2026-05-19 16:36:23  INFO      [ 120 /  260]  Friday, 16 Jun 2023
2026-05-19 16:36:23  INFO        [FETCH]     https://nsearchives.nseindia.com/content/historical/EQUITIES/2023/JUN/cm16JUN2023bhav.csv.zip
2026-05-19 16:36:24  INFO        [SAVED]     HistoricalBhavCopy/NSE/2023/cm16JUN2023bhav.csv  (222 KB)
2026-05-19 16:36:26  INFO      [ 121 /  260]  Monday, 19 Jun 2023
2026-05-19 16:36:26  INFO        [FETCH]     https://nsearchives.nseindia.com/content/historical/EQUITIES/2023/JUN/cm19JUN2023bhav.csv.zip
2026-05-19 16:36:26  INFO        [SAVED]     HistoricalBhavCopy/NSE/2023/cm19JUN2023bhav.csv  (225 KB)
2026-05-19 16:36:29  INFO      [ 122 /  260]  Tuesday, 20 Jun 2023
2026-05-19 16:36:29  INFO        [FETCH]     https://nsearchives.nseindia.com/content/historical/EQUITIES/2023/JUN/cm20JUN2023bhav.csv.zip
2026-05-19 16:36:29  INFO        [SAVED]     HistoricalBhavCopy/NSE/2023/cm20JUN2023bhav.csv  (221 KB)
2026-05-19 16:36:31  INFO      [ 123 /  260]  Wednesday, 21 Jun 2023
2026-05-19 16:36:31  INFO        [FETCH]     https://nsearchives.nseindia.com/content/historical/EQUITIES/2023/JUN/cm21JUN2023bhav.csv.zip
2026-05-19 16:36:31  INFO        [SAVED]     HistoricalBhavCopy/NSE/2023/cm21JUN2023bhav.csv  (222 KB)
2026-05-19 16:36:33  INFO      [ 124 /  260]  Thursday, 22 Jun 2023
2026-05-19 16:36:33  INFO        [FETCH]     https://nsearchives.nseindia.com/content/historical/EQUITIES/2023/JUN/cm22JUN2023bhav.csv.zip
2026-05-19 16:36:34  INFO        [SAVED]     HistoricalBhavCopy/NSE/2023/cm22JUN2023bhav.csv  (221 KB)
2026-05-19 16:36:36  INFO      [ 125 /  260]  Friday, 23 Jun 2023
2026-05-19 16:36:36  INFO        [FETCH]     https://nsearchives.nseindia.com/content/historical/EQUITIES/2023/JUN/cm23JUN2023bhav.csv.zip
2026-05-19 16:36:37  INFO        [SAVED]     HistoricalBhavCopy/NSE/2023/cm23JUN2023bhav.csv  (221 KB)
2026-05-19 16:36:39  INFO      ── Re-warming NSE session (request 126 / 260) ──
2026-05-19 16:36:39  INFO      Warming up NSE session (acquiring cookies)…
2026-05-19 16:36:42  INFO      NSE warm-up done  (status 404 | cookies: 6)
2026-05-19 16:36:42  INFO      [ 126 /  260]  Monday, 26 Jun 2023
2026-05-19 16:36:42  INFO        [FETCH]     https://nsearchives.nseindia.com/content/historical/EQUITIES/2023/JUN/cm26JUN2023bhav.csv.zip
2026-05-19 16:36:42  INFO        [SAVED]     HistoricalBhavCopy/NSE/2023/cm26JUN2023bhav.csv  (223 KB)
2026-05-19 16:36:45  INFO      [ 127 /  260]  Tuesday, 27 Jun 2023
2026-05-19 16:36:45  INFO        [FETCH]     https://nsearchives.nseindia.com/content/historical/EQUITIES/2023/JUN/cm27JUN2023bhav.csv.zip
2026-05-19 16:36:45  INFO        [SAVED]     HistoricalBhavCopy/NSE/2023/cm27JUN2023bhav.csv  (219 KB)
2026-05-19 16:36:48  INFO      [ 128 /  260]  Wednesday, 28 Jun 2023
2026-05-19 16:36:48  INFO        [FETCH]     https://nsearchives.nseindia.com/content/historical/EQUITIES/2023/JUN/cm28JUN2023bhav.csv.zip
2026-05-19 16:36:49  INFO        [SAVED]     HistoricalBhavCopy/NSE/2023/cm28JUN2023bhav.csv  (220 KB)
2026-05-19 16:36:51  INFO      [ 129 /  260]  Thursday, 29 Jun 2023
2026-05-19 16:36:51  INFO        [FETCH]     https://nsearchives.nseindia.com/content/historical/EQUITIES/2023/JUN/cm29JUN2023bhav.csv.zip
2026-05-19 16:36:51  INFO        [HOLIDAY]   29-Jun-2023 → 404 (market holiday or no data)
2026-05-19 16:36:52  INFO      [ 130 /  260]  Friday, 30 Jun 2023
2026-05-19 16:36:52  INFO        [FETCH]     https://nsearchives.nseindia.com/content/historical/EQUITIES/2023/JUN/cm30JUN2023bhav.csv.zip
2026-05-19 16:36:52  INFO        [SAVED]     HistoricalBhavCopy/NSE/2023/cm30JUN2023bhav.csv  (223 KB)
2026-05-19 16:36:56  INFO      [ 131 /  260]  Monday, 03 Jul 2023
2026-05-19 16:36:56  INFO        [FETCH]     https://nsearchives.nseindia.com/content/historical/EQUITIES/2023/JUL/cm03JUL2023bhav.csv.zip
2026-05-19 16:36:57  INFO        [SAVED]     HistoricalBhavCopy/NSE/2023/cm03JUL2023bhav.csv  (226 KB)
2026-05-19 16:37:00  INFO      [ 132 /  260]  Tuesday, 04 Jul 2023
2026-05-19 16:37:00  INFO        [FETCH]     https://nsearchives.nseindia.com/content/historical/EQUITIES/2023/JUL/cm04JUL2023bhav.csv.zip
2026-05-19 16:37:00  INFO        [SAVED]     HistoricalBhavCopy/NSE/2023/cm04JUL2023bhav.csv  (223 KB)
2026-05-19 16:37:04  INFO      [ 133 /  260]  Wednesday, 05 Jul 2023
2026-05-19 16:37:04  INFO        [FETCH]     https://nsearchives.nseindia.com/content/historical/EQUITIES/2023/JUL/cm05JUL2023bhav.csv.zip
2026-05-19 16:37:04  INFO        [SAVED]     HistoricalBhavCopy/NSE/2023/cm05JUL2023bhav.csv  (221 KB)
2026-05-19 16:37:06  INFO      [ 134 /  260]  Thursday, 06 Jul 2023
2026-05-19 16:37:06  INFO        [FETCH]     https://nsearchives.nseindia.com/content/historical/EQUITIES/2023/JUL/cm06JUL2023bhav.csv.zip
2026-05-19 16:37:06  INFO        [SAVED]     HistoricalBhavCopy/NSE/2023/cm06JUL2023bhav.csv  (223 KB)
2026-05-19 16:37:09  INFO      [ 135 /  260]  Friday, 07 Jul 2023
2026-05-19 16:37:09  INFO        [FETCH]     https://nsearchives.nseindia.com/content/historical/EQUITIES/2023/JUL/cm07JUL2023bhav.csv.zip
2026-05-19 16:37:10  INFO        [SAVED]     HistoricalBhavCopy/NSE/2023/cm07JUL2023bhav.csv  (221 KB)
2026-05-19 16:37:11  INFO      [ 136 /  260]  Monday, 10 Jul 2023
2026-05-19 16:37:11  INFO        [FETCH]     https://nsearchives.nseindia.com/content/historical/EQUITIES/2023/JUL/cm10JUL2023bhav.csv.zip
2026-05-19 16:37:12  INFO        [SAVED]     HistoricalBhavCopy/NSE/2023/cm10JUL2023bhav.csv  (224 KB)
2026-05-19 16:37:15  INFO      [ 137 /  260]  Tuesday, 11 Jul 2023
2026-05-19 16:37:15  INFO        [FETCH]     https://nsearchives.nseindia.com/content/historical/EQUITIES/2023/JUL/cm11JUL2023bhav.csv.zip
2026-05-19 16:37:16  INFO        [SAVED]     HistoricalBhavCopy/NSE/2023/cm11JUL2023bhav.csv  (221 KB)
2026-05-19 16:37:17  INFO      [ 138 /  260]  Wednesday, 12 Jul 2023
2026-05-19 16:37:17  INFO        [FETCH]     https://nsearchives.nseindia.com/content/historical/EQUITIES/2023/JUL/cm12JUL2023bhav.csv.zip
2026-05-19 16:37:18  INFO        [SAVED]     HistoricalBhavCopy/NSE/2023/cm12JUL2023bhav.csv  (221 KB)
2026-05-19 16:37:21  INFO      [ 139 /  260]  Thursday, 13 Jul 2023
2026-05-19 16:37:21  INFO        [FETCH]     https://nsearchives.nseindia.com/content/historical/EQUITIES/2023/JUL/cm13JUL2023bhav.csv.zip
2026-05-19 16:37:21  INFO        [SAVED]     HistoricalBhavCopy/NSE/2023/cm13JUL2023bhav.csv  (222 KB)
2026-05-19 16:37:24  INFO      [ 140 /  260]  Friday, 14 Jul 2023
2026-05-19 16:37:24  INFO        [FETCH]     https://nsearchives.nseindia.com/content/historical/EQUITIES/2023/JUL/cm14JUL2023bhav.csv.zip
2026-05-19 16:37:24  INFO        [SAVED]     HistoricalBhavCopy/NSE/2023/cm14JUL2023bhav.csv  (218 KB)
2026-05-19 16:37:28  INFO      [ 141 /  260]  Monday, 17 Jul 2023
2026-05-19 16:37:28  INFO        [FETCH]     https://nsearchives.nseindia.com/content/historical/EQUITIES/2023/JUL/cm17JUL2023bhav.csv.zip
2026-05-19 16:37:28  INFO        [SAVED]     HistoricalBhavCopy/NSE/2023/cm17JUL2023bhav.csv  (229 KB)
2026-05-19 16:37:30  INFO      [ 142 /  260]  Tuesday, 18 Jul 2023
2026-05-19 16:37:30  INFO        [FETCH]     https://nsearchives.nseindia.com/content/historical/EQUITIES/2023/JUL/cm18JUL2023bhav.csv.zip
2026-05-19 16:37:30  INFO        [SAVED]     HistoricalBhavCopy/NSE/2023/cm18JUL2023bhav.csv  (221 KB)
2026-05-19 16:37:32  INFO      [ 143 /  260]  Wednesday, 19 Jul 2023
2026-05-19 16:37:32  INFO        [FETCH]     https://nsearchives.nseindia.com/content/historical/EQUITIES/2023/JUL/cm19JUL2023bhav.csv.zip
2026-05-19 16:37:33  INFO        [SAVED]     HistoricalBhavCopy/NSE/2023/cm19JUL2023bhav.csv  (220 KB)
2026-05-19 16:37:36  INFO      [ 144 /  260]  Thursday, 20 Jul 2023
2026-05-19 16:37:36  INFO        [FETCH]     https://nsearchives.nseindia.com/content/historical/EQUITIES/2023/JUL/cm20JUL2023bhav.csv.zip
2026-05-19 16:37:37  INFO        [SAVED]     HistoricalBhavCopy/NSE/2023/cm20JUL2023bhav.csv  (218 KB)
2026-05-19 16:37:40  INFO      [ 145 /  260]  Friday, 21 Jul 2023
2026-05-19 16:37:40  INFO        [FETCH]     https://nsearchives.nseindia.com/content/historical/EQUITIES/2023/JUL/cm21JUL2023bhav.csv.zip
2026-05-19 16:37:40  INFO        [SAVED]     HistoricalBhavCopy/NSE/2023/cm21JUL2023bhav.csv  (218 KB)
2026-05-19 16:37:42  INFO      [ 146 /  260]  Monday, 24 Jul 2023
2026-05-19 16:37:42  INFO        [FETCH]     https://nsearchives.nseindia.com/content/historical/EQUITIES/2023/JUL/cm24JUL2023bhav.csv.zip
2026-05-19 16:37:43  INFO        [SAVED]     HistoricalBhavCopy/NSE/2023/cm24JUL2023bhav.csv  (226 KB)
2026-05-19 16:37:44  INFO      [ 147 /  260]  Tuesday, 25 Jul 2023
2026-05-19 16:37:44  INFO        [FETCH]     https://nsearchives.nseindia.com/content/historical/EQUITIES/2023/JUL/cm25JUL2023bhav.csv.zip
2026-05-19 16:37:45  INFO        [SAVED]     HistoricalBhavCopy/NSE/2023/cm25JUL2023bhav.csv  (224 KB)
2026-05-19 16:37:46  INFO      [ 148 /  260]  Wednesday, 26 Jul 2023
2026-05-19 16:37:46  INFO        [FETCH]     https://nsearchives.nseindia.com/content/historical/EQUITIES/2023/JUL/cm26JUL2023bhav.csv.zip
2026-05-19 16:37:46  INFO        [SAVED]     HistoricalBhavCopy/NSE/2023/cm26JUL2023bhav.csv  (225 KB)
2026-05-19 16:37:50  INFO      [ 149 /  260]  Thursday, 27 Jul 2023
2026-05-19 16:37:50  INFO        [FETCH]     https://nsearchives.nseindia.com/content/historical/EQUITIES/2023/JUL/cm27JUL2023bhav.csv.zip
2026-05-19 16:37:50  INFO        [SAVED]     HistoricalBhavCopy/NSE/2023/cm27JUL2023bhav.csv  (222 KB)
2026-05-19 16:37:52  INFO      [ 150 /  260]  Friday, 28 Jul 2023
2026-05-19 16:37:52  INFO        [FETCH]     https://nsearchives.nseindia.com/content/historical/EQUITIES/2023/JUL/cm28JUL2023bhav.csv.zip
2026-05-19 16:37:53  INFO        [SAVED]     HistoricalBhavCopy/NSE/2023/cm28JUL2023bhav.csv  (225 KB)
2026-05-19 16:37:56  INFO      ── Re-warming NSE session (request 151 / 260) ──
2026-05-19 16:37:56  INFO      Warming up NSE session (acquiring cookies)…
2026-05-19 16:37:56  WARNING   NSE warm-up failed (will still attempt downloads): 403 Client Error: Forbidden for url: https://www.nseindia.com/
2026-05-19 16:37:56  INFO      [ 151 /  260]  Monday, 31 Jul 2023
2026-05-19 16:37:56  INFO        [FETCH]     https://nsearchives.nseindia.com/content/historical/EQUITIES/2023/JUL/cm31JUL2023bhav.csv.zip
2026-05-19 16:37:56  INFO        [SAVED]     HistoricalBhavCopy/NSE/2023/cm31JUL2023bhav.csv  (229 KB)
2026-05-19 16:37:58  INFO      [ 152 /  260]  Tuesday, 01 Aug 2023
2026-05-19 16:37:58  INFO        [FETCH]     https://nsearchives.nseindia.com/content/historical/EQUITIES/2023/AUG/cm01AUG2023bhav.csv.zip
2026-05-19 16:37:58  INFO        [SAVED]     HistoricalBhavCopy/NSE/2023/cm01AUG2023bhav.csv  (225 KB)
2026-05-19 16:38:00  INFO      [ 153 /  260]  Wednesday, 02 Aug 2023
2026-05-19 16:38:00  INFO        [FETCH]     https://nsearchives.nseindia.com/content/historical/EQUITIES/2023/AUG/cm02AUG2023bhav.csv.zip
2026-05-19 16:38:00  INFO        [SAVED]     HistoricalBhavCopy/NSE/2023/cm02AUG2023bhav.csv  (227 KB)
2026-05-19 16:38:02  INFO      [ 154 /  260]  Thursday, 03 Aug 2023
2026-05-19 16:38:02  INFO        [FETCH]     https://nsearchives.nseindia.com/content/historical/EQUITIES/2023/AUG/cm03AUG2023bhav.csv.zip
2026-05-19 16:38:03  INFO        [SAVED]     HistoricalBhavCopy/NSE/2023/cm03AUG2023bhav.csv  (225 KB)
2026-05-19 16:38:05  INFO      [ 155 /  260]  Friday, 04 Aug 2023
2026-05-19 16:38:05  INFO        [FETCH]     https://nsearchives.nseindia.com/content/historical/EQUITIES/2023/AUG/cm04AUG2023bhav.csv.zip
2026-05-19 16:38:05  INFO        [SAVED]     HistoricalBhavCopy/NSE/2023/cm04AUG2023bhav.csv  (225 KB)
2026-05-19 16:38:07  INFO      [ 156 /  260]  Monday, 07 Aug 2023
2026-05-19 16:38:07  INFO        [FETCH]     https://nsearchives.nseindia.com/content/historical/EQUITIES/2023/AUG/cm07AUG2023bhav.csv.zip
2026-05-19 16:38:07  INFO        [SAVED]     HistoricalBhavCopy/NSE/2023/cm07AUG2023bhav.csv  (229 KB)
2026-05-19 16:38:11  INFO      [ 157 /  260]  Tuesday, 08 Aug 2023
2026-05-19 16:38:11  INFO        [FETCH]     https://nsearchives.nseindia.com/content/historical/EQUITIES/2023/AUG/cm08AUG2023bhav.csv.zip
2026-05-19 16:38:11  INFO        [SAVED]     HistoricalBhavCopy/NSE/2023/cm08AUG2023bhav.csv  (226 KB)
2026-05-19 16:38:14  INFO      [ 158 /  260]  Wednesday, 09 Aug 2023
2026-05-19 16:38:14  INFO        [FETCH]     https://nsearchives.nseindia.com/content/historical/EQUITIES/2023/AUG/cm09AUG2023bhav.csv.zip
2026-05-19 16:38:15  INFO        [SAVED]     HistoricalBhavCopy/NSE/2023/cm09AUG2023bhav.csv  (226 KB)
2026-05-19 16:38:17  INFO      [ 159 /  260]  Thursday, 10 Aug 2023
2026-05-19 16:38:17  INFO        [FETCH]     https://nsearchives.nseindia.com/content/historical/EQUITIES/2023/AUG/cm10AUG2023bhav.csv.zip
2026-05-19 16:38:17  INFO        [SAVED]     HistoricalBhavCopy/NSE/2023/cm10AUG2023bhav.csv  (225 KB)
2026-05-19 16:38:20  INFO      [ 160 /  260]  Friday, 11 Aug 2023
2026-05-19 16:38:20  INFO        [FETCH]     https://nsearchives.nseindia.com/content/historical/EQUITIES/2023/AUG/cm11AUG2023bhav.csv.zip
2026-05-19 16:38:20  INFO        [SAVED]     HistoricalBhavCopy/NSE/2023/cm11AUG2023bhav.csv  (226 KB)
2026-05-19 16:38:24  INFO      [ 161 /  260]  Monday, 14 Aug 2023
2026-05-19 16:38:24  INFO        [FETCH]     https://nsearchives.nseindia.com/content/historical/EQUITIES/2023/AUG/cm14AUG2023bhav.csv.zip
2026-05-19 16:38:24  INFO        [SAVED]     HistoricalBhavCopy/NSE/2023/cm14AUG2023bhav.csv  (227 KB)
2026-05-19 16:38:27  INFO      [ 162 /  260]  Tuesday, 15 Aug 2023
2026-05-19 16:38:27  INFO        [FETCH]     https://nsearchives.nseindia.com/content/historical/EQUITIES/2023/AUG/cm15AUG2023bhav.csv.zip
2026-05-19 16:38:27  INFO        [HOLIDAY]   15-Aug-2023 → 404 (market holiday or no data)
2026-05-19 16:38:28  INFO      [ 163 /  260]  Wednesday, 16 Aug 2023
2026-05-19 16:38:28  INFO        [FETCH]     https://nsearchives.nseindia.com/content/historical/EQUITIES/2023/AUG/cm16AUG2023bhav.csv.zip
2026-05-19 16:38:29  INFO        [SAVED]     HistoricalBhavCopy/NSE/2023/cm16AUG2023bhav.csv  (227 KB)
2026-05-19 16:38:31  INFO      [ 164 /  260]  Thursday, 17 Aug 2023
2026-05-19 16:38:31  INFO        [FETCH]     https://nsearchives.nseindia.com/content/historical/EQUITIES/2023/AUG/cm17AUG2023bhav.csv.zip
2026-05-19 16:38:32  INFO        [SAVED]     HistoricalBhavCopy/NSE/2023/cm17AUG2023bhav.csv  (225 KB)
2026-05-19 16:38:34  INFO      [ 165 /  260]  Friday, 18 Aug 2023
2026-05-19 16:38:34  INFO        [FETCH]     https://nsearchives.nseindia.com/content/historical/EQUITIES/2023/AUG/cm18AUG2023bhav.csv.zip
2026-05-19 16:38:34  INFO        [SAVED]     HistoricalBhavCopy/NSE/2023/cm18AUG2023bhav.csv  (226 KB)
2026-05-19 16:38:37  INFO      [ 166 /  260]  Monday, 21 Aug 2023
2026-05-19 16:38:37  INFO        [FETCH]     https://nsearchives.nseindia.com/content/historical/EQUITIES/2023/AUG/cm21AUG2023bhav.csv.zip
2026-05-19 16:38:38  INFO        [SAVED]     HistoricalBhavCopy/NSE/2023/cm21AUG2023bhav.csv  (231 KB)
2026-05-19 16:38:41  INFO      [ 167 /  260]  Tuesday, 22 Aug 2023
2026-05-19 16:38:41  INFO        [FETCH]     https://nsearchives.nseindia.com/content/historical/EQUITIES/2023/AUG/cm22AUG2023bhav.csv.zip
2026-05-19 16:38:41  INFO        [SAVED]     HistoricalBhavCopy/NSE/2023/cm22AUG2023bhav.csv  (227 KB)
2026-05-19 16:38:43  INFO      [ 168 /  260]  Wednesday, 23 Aug 2023
2026-05-19 16:38:43  INFO        [FETCH]     https://nsearchives.nseindia.com/content/historical/EQUITIES/2023/AUG/cm23AUG2023bhav.csv.zip
2026-05-19 16:38:44  INFO        [SAVED]     HistoricalBhavCopy/NSE/2023/cm23AUG2023bhav.csv  (225 KB)
2026-05-19 16:38:47  INFO      [ 169 /  260]  Thursday, 24 Aug 2023
2026-05-19 16:38:47  INFO        [FETCH]     https://nsearchives.nseindia.com/content/historical/EQUITIES/2023/AUG/cm24AUG2023bhav.csv.zip
2026-05-19 16:38:47  INFO        [SAVED]     HistoricalBhavCopy/NSE/2023/cm24AUG2023bhav.csv  (225 KB)
2026-05-19 16:38:49  INFO      [ 170 /  260]  Friday, 25 Aug 2023
2026-05-19 16:38:49  INFO        [FETCH]     https://nsearchives.nseindia.com/content/historical/EQUITIES/2023/AUG/cm25AUG2023bhav.csv.zip
2026-05-19 16:38:50  INFO        [SAVED]     HistoricalBhavCopy/NSE/2023/cm25AUG2023bhav.csv  (226 KB)
2026-05-19 16:38:51  INFO      [ 171 /  260]  Monday, 28 Aug 2023
2026-05-19 16:38:51  INFO        [FETCH]     https://nsearchives.nseindia.com/content/historical/EQUITIES/2023/AUG/cm28AUG2023bhav.csv.zip
2026-05-19 16:38:52  INFO        [SAVED]     HistoricalBhavCopy/NSE/2023/cm28AUG2023bhav.csv  (230 KB)
2026-05-19 16:38:55  INFO      [ 172 /  260]  Tuesday, 29 Aug 2023
2026-05-19 16:38:55  INFO        [FETCH]     https://nsearchives.nseindia.com/content/historical/EQUITIES/2023/AUG/cm29AUG2023bhav.csv.zip
2026-05-19 16:38:55  INFO        [SAVED]     HistoricalBhavCopy/NSE/2023/cm29AUG2023bhav.csv  (227 KB)
2026-05-19 16:38:57  INFO      [ 173 /  260]  Wednesday, 30 Aug 2023
2026-05-19 16:38:57  INFO        [FETCH]     https://nsearchives.nseindia.com/content/historical/EQUITIES/2023/AUG/cm30AUG2023bhav.csv.zip
2026-05-19 16:38:58  INFO        [SAVED]     HistoricalBhavCopy/NSE/2023/cm30AUG2023bhav.csv  (226 KB)
2026-05-19 16:39:01  INFO      [ 174 /  260]  Thursday, 31 Aug 2023
2026-05-19 16:39:01  INFO        [FETCH]     https://nsearchives.nseindia.com/content/historical/EQUITIES/2023/AUG/cm31AUG2023bhav.csv.zip
2026-05-19 16:39:01  INFO        [SAVED]     HistoricalBhavCopy/NSE/2023/cm31AUG2023bhav.csv  (224 KB)
2026-05-19 16:39:04  INFO      [ 175 /  260]  Friday, 01 Sep 2023
2026-05-19 16:39:04  INFO        [FETCH]     https://nsearchives.nseindia.com/content/historical/EQUITIES/2023/SEP/cm01SEP2023bhav.csv.zip
2026-05-19 16:39:04  INFO        [SAVED]     HistoricalBhavCopy/NSE/2023/cm01SEP2023bhav.csv  (227 KB)
2026-05-19 16:39:06  INFO      ── Re-warming NSE session (request 176 / 260) ──
2026-05-19 16:39:06  INFO      Warming up NSE session (acquiring cookies)…
2026-05-19 16:39:10  INFO      NSE warm-up done  (status 404 | cookies: 6)
2026-05-19 16:39:10  INFO      [ 176 /  260]  Monday, 04 Sep 2023
2026-05-19 16:39:10  INFO        [FETCH]     https://nsearchives.nseindia.com/content/historical/EQUITIES/2023/SEP/cm04SEP2023bhav.csv.zip
2026-05-19 16:39:10  INFO        [SAVED]     HistoricalBhavCopy/NSE/2023/cm04SEP2023bhav.csv  (233 KB)
2026-05-19 16:39:12  INFO      [ 177 /  260]  Tuesday, 05 Sep 2023
2026-05-19 16:39:12  INFO        [FETCH]     https://nsearchives.nseindia.com/content/historical/EQUITIES/2023/SEP/cm05SEP2023bhav.csv.zip
2026-05-19 16:39:12  INFO        [SAVED]     HistoricalBhavCopy/NSE/2023/cm05SEP2023bhav.csv  (231 KB)
2026-05-19 16:39:14  INFO      [ 178 /  260]  Wednesday, 06 Sep 2023
2026-05-19 16:39:14  INFO        [FETCH]     https://nsearchives.nseindia.com/content/historical/EQUITIES/2023/SEP/cm06SEP2023bhav.csv.zip
2026-05-19 16:39:15  INFO        [SAVED]     HistoricalBhavCopy/NSE/2023/cm06SEP2023bhav.csv  (230 KB)
2026-05-19 16:39:18  INFO      [ 179 /  260]  Thursday, 07 Sep 2023
2026-05-19 16:39:18  INFO        [FETCH]     https://nsearchives.nseindia.com/content/historical/EQUITIES/2023/SEP/cm07SEP2023bhav.csv.zip
2026-05-19 16:39:19  INFO        [SAVED]     HistoricalBhavCopy/NSE/2023/cm07SEP2023bhav.csv  (230 KB)
2026-05-19 16:39:22  INFO      [ 180 /  260]  Friday, 08 Sep 2023
2026-05-19 16:39:22  INFO        [FETCH]     https://nsearchives.nseindia.com/content/historical/EQUITIES/2023/SEP/cm08SEP2023bhav.csv.zip
2026-05-19 16:39:22  INFO        [SAVED]     HistoricalBhavCopy/NSE/2023/cm08SEP2023bhav.csv  (230 KB)
2026-05-19 16:39:24  INFO      [ 181 /  260]  Monday, 11 Sep 2023
2026-05-19 16:39:24  INFO        [FETCH]     https://nsearchives.nseindia.com/content/historical/EQUITIES/2023/SEP/cm11SEP2023bhav.csv.zip
2026-05-19 16:39:25  INFO        [SAVED]     HistoricalBhavCopy/NSE/2023/cm11SEP2023bhav.csv  (234 KB)
2026-05-19 16:39:28  INFO      [ 182 /  260]  Tuesday, 12 Sep 2023
2026-05-19 16:39:28  INFO        [FETCH]     https://nsearchives.nseindia.com/content/historical/EQUITIES/2023/SEP/cm12SEP2023bhav.csv.zip
2026-05-19 16:39:29  INFO        [SAVED]     HistoricalBhavCopy/NSE/2023/cm12SEP2023bhav.csv  (232 KB)
2026-05-19 16:39:30  INFO      [ 183 /  260]  Wednesday, 13 Sep 2023
2026-05-19 16:39:30  INFO        [FETCH]     https://nsearchives.nseindia.com/content/historical/EQUITIES/2023/SEP/cm13SEP2023bhav.csv.zip
2026-05-19 16:39:31  INFO        [SAVED]     HistoricalBhavCopy/NSE/2023/cm13SEP2023bhav.csv  (229 KB)
2026-05-19 16:39:34  INFO      [ 184 /  260]  Thursday, 14 Sep 2023
2026-05-19 16:39:34  INFO        [FETCH]     https://nsearchives.nseindia.com/content/historical/EQUITIES/2023/SEP/cm14SEP2023bhav.csv.zip
2026-05-19 16:39:35  INFO        [SAVED]     HistoricalBhavCopy/NSE/2023/cm14SEP2023bhav.csv  (228 KB)
2026-05-19 16:39:36  INFO      [ 185 /  260]  Friday, 15 Sep 2023
2026-05-19 16:39:36  INFO        [FETCH]     https://nsearchives.nseindia.com/content/historical/EQUITIES/2023/SEP/cm15SEP2023bhav.csv.zip
2026-05-19 16:39:37  INFO        [SAVED]     HistoricalBhavCopy/NSE/2023/cm15SEP2023bhav.csv  (229 KB)
2026-05-19 16:39:40  INFO      [ 186 /  260]  Monday, 18 Sep 2023
2026-05-19 16:39:40  INFO        [FETCH]     https://nsearchives.nseindia.com/content/historical/EQUITIES/2023/SEP/cm18SEP2023bhav.csv.zip
2026-05-19 16:39:41  INFO        [SAVED]     HistoricalBhavCopy/NSE/2023/cm18SEP2023bhav.csv  (232 KB)
2026-05-19 16:39:44  INFO      [ 187 /  260]  Tuesday, 19 Sep 2023
2026-05-19 16:39:44  INFO        [FETCH]     https://nsearchives.nseindia.com/content/historical/EQUITIES/2023/SEP/cm19SEP2023bhav.csv.zip
2026-05-19 16:39:44  INFO        [HOLIDAY]   19-Sep-2023 → 404 (market holiday or no data)
2026-05-19 16:39:46  INFO      [ 188 /  260]  Wednesday, 20 Sep 2023
2026-05-19 16:39:46  INFO        [FETCH]     https://nsearchives.nseindia.com/content/historical/EQUITIES/2023/SEP/cm20SEP2023bhav.csv.zip
2026-05-19 16:39:48  INFO        [SAVED]     HistoricalBhavCopy/NSE/2023/cm20SEP2023bhav.csv  (228 KB)
2026-05-19 16:39:50  INFO      [ 189 /  260]  Thursday, 21 Sep 2023
2026-05-19 16:39:50  INFO        [FETCH]     https://nsearchives.nseindia.com/content/historical/EQUITIES/2023/SEP/cm21SEP2023bhav.csv.zip
2026-05-19 16:39:51  INFO        [SAVED]     HistoricalBhavCopy/NSE/2023/cm21SEP2023bhav.csv  (227 KB)
2026-05-19 16:39:54  INFO      [ 190 /  260]  Friday, 22 Sep 2023
2026-05-19 16:39:54  INFO        [FETCH]     https://nsearchives.nseindia.com/content/historical/EQUITIES/2023/SEP/cm22SEP2023bhav.csv.zip
2026-05-19 16:39:55  INFO        [SAVED]     HistoricalBhavCopy/NSE/2023/cm22SEP2023bhav.csv  (227 KB)
2026-05-19 16:39:58  INFO      [ 191 /  260]  Monday, 25 Sep 2023
2026-05-19 16:39:58  INFO        [FETCH]     https://nsearchives.nseindia.com/content/historical/EQUITIES/2023/SEP/cm25SEP2023bhav.csv.zip
2026-05-19 16:39:59  INFO        [SAVED]     HistoricalBhavCopy/NSE/2023/cm25SEP2023bhav.csv  (232 KB)
2026-05-19 16:40:02  INFO      [ 192 /  260]  Tuesday, 26 Sep 2023
2026-05-19 16:40:02  INFO        [FETCH]     https://nsearchives.nseindia.com/content/historical/EQUITIES/2023/SEP/cm26SEP2023bhav.csv.zip
2026-05-19 16:40:03  INFO        [SAVED]     HistoricalBhavCopy/NSE/2023/cm26SEP2023bhav.csv  (230 KB)
2026-05-19 16:40:05  INFO      [ 193 /  260]  Wednesday, 27 Sep 2023
2026-05-19 16:40:05  INFO        [FETCH]     https://nsearchives.nseindia.com/content/historical/EQUITIES/2023/SEP/cm27SEP2023bhav.csv.zip
2026-05-19 16:40:06  INFO        [SAVED]     HistoricalBhavCopy/NSE/2023/cm27SEP2023bhav.csv  (227 KB)
2026-05-19 16:40:09  INFO      [ 194 /  260]  Thursday, 28 Sep 2023
2026-05-19 16:40:09  INFO        [FETCH]     https://nsearchives.nseindia.com/content/historical/EQUITIES/2023/SEP/cm28SEP2023bhav.csv.zip
2026-05-19 16:40:09  INFO        [SAVED]     HistoricalBhavCopy/NSE/2023/cm28SEP2023bhav.csv  (229 KB)
2026-05-19 16:40:11  INFO      [ 195 /  260]  Friday, 29 Sep 2023
2026-05-19 16:40:11  INFO        [FETCH]     https://nsearchives.nseindia.com/content/historical/EQUITIES/2023/SEP/cm29SEP2023bhav.csv.zip
2026-05-19 16:40:12  INFO        [SAVED]     HistoricalBhavCopy/NSE/2023/cm29SEP2023bhav.csv  (229 KB)
2026-05-19 16:40:15  INFO      [ 196 /  260]  Monday, 02 Oct 2023
2026-05-19 16:40:15  INFO        [FETCH]     https://nsearchives.nseindia.com/content/historical/EQUITIES/2023/OCT/cm02OCT2023bhav.csv.zip
2026-05-19 16:40:15  INFO        [HOLIDAY]   02-Oct-2023 → 404 (market holiday or no data)
2026-05-19 16:40:16  INFO      [ 197 /  260]  Tuesday, 03 Oct 2023
2026-05-19 16:40:16  INFO        [FETCH]     https://nsearchives.nseindia.com/content/historical/EQUITIES/2023/OCT/cm03OCT2023bhav.csv.zip
2026-05-19 16:40:16  INFO        [SAVED]     HistoricalBhavCopy/NSE/2023/cm03OCT2023bhav.csv  (235 KB)
2026-05-19 16:40:20  INFO      [ 198 /  260]  Wednesday, 04 Oct 2023
2026-05-19 16:40:20  INFO        [FETCH]     https://nsearchives.nseindia.com/content/historical/EQUITIES/2023/OCT/cm04OCT2023bhav.csv.zip
2026-05-19 16:40:20  INFO        [SAVED]     HistoricalBhavCopy/NSE/2023/cm04OCT2023bhav.csv  (232 KB)
2026-05-19 16:40:22  INFO      [ 199 /  260]  Thursday, 05 Oct 2023
2026-05-19 16:40:22  INFO        [FETCH]     https://nsearchives.nseindia.com/content/historical/EQUITIES/2023/OCT/cm05OCT2023bhav.csv.zip
2026-05-19 16:40:22  INFO        [SAVED]     HistoricalBhavCopy/NSE/2023/cm05OCT2023bhav.csv  (230 KB)
2026-05-19 16:40:25  INFO      [ 200 /  260]  Friday, 06 Oct 2023
2026-05-19 16:40:25  INFO        [FETCH]     https://nsearchives.nseindia.com/content/historical/EQUITIES/2023/OCT/cm06OCT2023bhav.csv.zip
2026-05-19 16:40:25  INFO        [SAVED]     HistoricalBhavCopy/NSE/2023/cm06OCT2023bhav.csv  (232 KB)
2026-05-19 16:40:28  INFO      ── Re-warming NSE session (request 201 / 260) ──
2026-05-19 16:40:28  INFO      Warming up NSE session (acquiring cookies)…
2026-05-19 16:40:30  INFO      NSE warm-up done  (status 404 | cookies: 6)
2026-05-19 16:40:30  INFO      [ 201 /  260]  Monday, 09 Oct 2023
2026-05-19 16:40:30  INFO        [FETCH]     https://nsearchives.nseindia.com/content/historical/EQUITIES/2023/OCT/cm09OCT2023bhav.csv.zip
2026-05-19 16:40:31  INFO        [SAVED]     HistoricalBhavCopy/NSE/2023/cm09OCT2023bhav.csv  (233 KB)
2026-05-19 16:40:34  INFO      [ 202 /  260]  Tuesday, 10 Oct 2023
2026-05-19 16:40:34  INFO        [FETCH]     https://nsearchives.nseindia.com/content/historical/EQUITIES/2023/OCT/cm10OCT2023bhav.csv.zip
2026-05-19 16:40:34  INFO        [SAVED]     HistoricalBhavCopy/NSE/2023/cm10OCT2023bhav.csv  (231 KB)
2026-05-19 16:40:37  INFO      [ 203 /  260]  Wednesday, 11 Oct 2023
2026-05-19 16:40:37  INFO        [FETCH]     https://nsearchives.nseindia.com/content/historical/EQUITIES/2023/OCT/cm11OCT2023bhav.csv.zip
2026-05-19 16:40:38  INFO        [SAVED]     HistoricalBhavCopy/NSE/2023/cm11OCT2023bhav.csv  (232 KB)
2026-05-19 16:40:40  INFO      [ 204 /  260]  Thursday, 12 Oct 2023
2026-05-19 16:40:40  INFO        [FETCH]     https://nsearchives.nseindia.com/content/historical/EQUITIES/2023/OCT/cm12OCT2023bhav.csv.zip
2026-05-19 16:40:40  INFO        [SAVED]     HistoricalBhavCopy/NSE/2023/cm12OCT2023bhav.csv  (232 KB)
2026-05-19 16:40:43  INFO      [ 205 /  260]  Friday, 13 Oct 2023
2026-05-19 16:40:43  INFO        [FETCH]     https://nsearchives.nseindia.com/content/historical/EQUITIES/2023/OCT/cm13OCT2023bhav.csv.zip
2026-05-19 16:40:43  INFO        [SAVED]     HistoricalBhavCopy/NSE/2023/cm13OCT2023bhav.csv  (231 KB)
2026-05-19 16:40:46  INFO      [ 206 /  260]  Monday, 16 Oct 2023
2026-05-19 16:40:46  INFO        [FETCH]     https://nsearchives.nseindia.com/content/historical/EQUITIES/2023/OCT/cm16OCT2023bhav.csv.zip
2026-05-19 16:40:47  INFO        [SAVED]     HistoricalBhavCopy/NSE/2023/cm16OCT2023bhav.csv  (235 KB)
2026-05-19 16:40:49  INFO      [ 207 /  260]  Tuesday, 17 Oct 2023
2026-05-19 16:40:49  INFO        [FETCH]     https://nsearchives.nseindia.com/content/historical/EQUITIES/2023/OCT/cm17OCT2023bhav.csv.zip
2026-05-19 16:40:49  INFO        [SAVED]     HistoricalBhavCopy/NSE/2023/cm17OCT2023bhav.csv  (234 KB)
2026-05-19 16:40:51  INFO      [ 208 /  260]  Wednesday, 18 Oct 2023
2026-05-19 16:40:51  INFO        [FETCH]     https://nsearchives.nseindia.com/content/historical/EQUITIES/2023/OCT/cm18OCT2023bhav.csv.zip
2026-05-19 16:40:51  INFO        [SAVED]     HistoricalBhavCopy/NSE/2023/cm18OCT2023bhav.csv  (232 KB)
2026-05-19 16:40:55  INFO      [ 209 /  260]  Thursday, 19 Oct 2023
2026-05-19 16:40:55  INFO        [FETCH]     https://nsearchives.nseindia.com/content/historical/EQUITIES/2023/OCT/cm19OCT2023bhav.csv.zip
2026-05-19 16:40:55  INFO        [SAVED]     HistoricalBhavCopy/NSE/2023/cm19OCT2023bhav.csv  (230 KB)
2026-05-19 16:40:58  INFO      [ 210 /  260]  Friday, 20 Oct 2023
2026-05-19 16:40:58  INFO        [FETCH]     https://nsearchives.nseindia.com/content/historical/EQUITIES/2023/OCT/cm20OCT2023bhav.csv.zip
2026-05-19 16:40:58  INFO        [SAVED]     HistoricalBhavCopy/NSE/2023/cm20OCT2023bhav.csv  (230 KB)
2026-05-19 16:41:01  INFO      [ 211 /  260]  Monday, 23 Oct 2023
2026-05-19 16:41:01  INFO        [FETCH]     https://nsearchives.nseindia.com/content/historical/EQUITIES/2023/OCT/cm23OCT2023bhav.csv.zip
2026-05-19 16:41:01  INFO        [SAVED]     HistoricalBhavCopy/NSE/2023/cm23OCT2023bhav.csv  (236 KB)
2026-05-19 16:41:04  INFO      [ 212 /  260]  Tuesday, 24 Oct 2023
2026-05-19 16:41:04  INFO        [FETCH]     https://nsearchives.nseindia.com/content/historical/EQUITIES/2023/OCT/cm24OCT2023bhav.csv.zip
2026-05-19 16:41:04  INFO        [HOLIDAY]   24-Oct-2023 → 404 (market holiday or no data)
2026-05-19 16:41:06  INFO      [ 213 /  260]  Wednesday, 25 Oct 2023
2026-05-19 16:41:06  INFO        [FETCH]     https://nsearchives.nseindia.com/content/historical/EQUITIES/2023/OCT/cm25OCT2023bhav.csv.zip
2026-05-19 16:41:07  INFO        [SAVED]     HistoricalBhavCopy/NSE/2023/cm25OCT2023bhav.csv  (231 KB)
2026-05-19 16:41:10  INFO      [ 214 /  260]  Thursday, 26 Oct 2023
2026-05-19 16:41:10  INFO        [FETCH]     https://nsearchives.nseindia.com/content/historical/EQUITIES/2023/OCT/cm26OCT2023bhav.csv.zip
2026-05-19 16:41:10  INFO        [SAVED]     HistoricalBhavCopy/NSE/2023/cm26OCT2023bhav.csv  (235 KB)
2026-05-19 16:41:12  INFO      [ 215 /  260]  Friday, 27 Oct 2023
2026-05-19 16:41:12  INFO        [FETCH]     https://nsearchives.nseindia.com/content/historical/EQUITIES/2023/OCT/cm27OCT2023bhav.csv.zip
2026-05-19 16:41:12  INFO        [SAVED]     HistoricalBhavCopy/NSE/2023/cm27OCT2023bhav.csv  (230 KB)
2026-05-19 16:41:15  INFO      [ 216 /  260]  Monday, 30 Oct 2023
2026-05-19 16:41:15  INFO        [FETCH]     https://nsearchives.nseindia.com/content/historical/EQUITIES/2023/OCT/cm30OCT2023bhav.csv.zip
2026-05-19 16:41:16  INFO        [SAVED]     HistoricalBhavCopy/NSE/2023/cm30OCT2023bhav.csv  (234 KB)
2026-05-19 16:41:19  INFO      [ 217 /  260]  Tuesday, 31 Oct 2023
2026-05-19 16:41:19  INFO        [FETCH]     https://nsearchives.nseindia.com/content/historical/EQUITIES/2023/OCT/cm31OCT2023bhav.csv.zip
2026-05-19 16:41:20  INFO        [SAVED]     HistoricalBhavCopy/NSE/2023/cm31OCT2023bhav.csv  (232 KB)
2026-05-19 16:41:23  INFO      [ 218 /  260]  Wednesday, 01 Nov 2023
2026-05-19 16:41:23  INFO        [FETCH]     https://nsearchives.nseindia.com/content/historical/EQUITIES/2023/NOV/cm01NOV2023bhav.csv.zip
2026-05-19 16:41:23  INFO        [SAVED]     HistoricalBhavCopy/NSE/2023/cm01NOV2023bhav.csv  (233 KB)
2026-05-19 16:41:27  INFO      [ 219 /  260]  Thursday, 02 Nov 2023
2026-05-19 16:41:27  INFO        [FETCH]     https://nsearchives.nseindia.com/content/historical/EQUITIES/2023/NOV/cm02NOV2023bhav.csv.zip
2026-05-19 16:41:28  INFO        [SAVED]     HistoricalBhavCopy/NSE/2023/cm02NOV2023bhav.csv  (232 KB)
2026-05-19 16:41:32  INFO      [ 220 /  260]  Friday, 03 Nov 2023
2026-05-19 16:41:32  INFO        [FETCH]     https://nsearchives.nseindia.com/content/historical/EQUITIES/2023/NOV/cm03NOV2023bhav.csv.zip
2026-05-19 16:41:32  INFO        [SAVED]     HistoricalBhavCopy/NSE/2023/cm03NOV2023bhav.csv  (235 KB)
2026-05-19 16:41:35  INFO      [ 221 /  260]  Monday, 06 Nov 2023
2026-05-19 16:41:35  INFO        [FETCH]     https://nsearchives.nseindia.com/content/historical/EQUITIES/2023/NOV/cm06NOV2023bhav.csv.zip
2026-05-19 16:41:36  INFO        [SAVED]     HistoricalBhavCopy/NSE/2023/cm06NOV2023bhav.csv  (236 KB)
2026-05-19 16:41:39  INFO      [ 222 /  260]  Tuesday, 07 Nov 2023
2026-05-19 16:41:39  INFO        [FETCH]     https://nsearchives.nseindia.com/content/historical/EQUITIES/2023/NOV/cm07NOV2023bhav.csv.zip
2026-05-19 16:41:40  INFO        [SAVED]     HistoricalBhavCopy/NSE/2023/cm07NOV2023bhav.csv  (233 KB)
2026-05-19 16:41:42  INFO      [ 223 /  260]  Wednesday, 08 Nov 2023
2026-05-19 16:41:42  INFO        [FETCH]     https://nsearchives.nseindia.com/content/historical/EQUITIES/2023/NOV/cm08NOV2023bhav.csv.zip
2026-05-19 16:41:43  INFO        [SAVED]     HistoricalBhavCopy/NSE/2023/cm08NOV2023bhav.csv  (232 KB)
2026-05-19 16:41:46  INFO      [ 224 /  260]  Thursday, 09 Nov 2023
2026-05-19 16:41:46  INFO        [FETCH]     https://nsearchives.nseindia.com/content/historical/EQUITIES/2023/NOV/cm09NOV2023bhav.csv.zip
2026-05-19 16:41:47  INFO        [SAVED]     HistoricalBhavCopy/NSE/2023/cm09NOV2023bhav.csv  (234 KB)
2026-05-19 16:41:49  INFO      [ 225 /  260]  Friday, 10 Nov 2023
2026-05-19 16:41:49  INFO        [FETCH]     https://nsearchives.nseindia.com/content/historical/EQUITIES/2023/NOV/cm10NOV2023bhav.csv.zip
2026-05-19 16:41:49  INFO        [SAVED]     HistoricalBhavCopy/NSE/2023/cm10NOV2023bhav.csv  (233 KB)
2026-05-19 16:41:51  INFO      ── Re-warming NSE session (request 226 / 260) ──
2026-05-19 16:41:51  INFO      Warming up NSE session (acquiring cookies)…
2026-05-19 16:41:51  WARNING   NSE warm-up failed (will still attempt downloads): 403 Client Error: Forbidden for url: https://www.nseindia.com/
2026-05-19 16:41:51  INFO      [ 226 /  260]  Monday, 13 Nov 2023
2026-05-19 16:41:51  INFO        [FETCH]     https://nsearchives.nseindia.com/content/historical/EQUITIES/2023/NOV/cm13NOV2023bhav.csv.zip
2026-05-19 16:41:51  INFO        [SAVED]     HistoricalBhavCopy/NSE/2023/cm13NOV2023bhav.csv  (233 KB)
2026-05-19 16:41:55  INFO      [ 227 /  260]  Tuesday, 14 Nov 2023
2026-05-19 16:41:55  INFO        [FETCH]     https://nsearchives.nseindia.com/content/historical/EQUITIES/2023/NOV/cm14NOV2023bhav.csv.zip
2026-05-19 16:41:55  INFO        [HOLIDAY]   14-Nov-2023 → 404 (market holiday or no data)
2026-05-19 16:41:56  INFO      [ 228 /  260]  Wednesday, 15 Nov 2023
2026-05-19 16:41:56  INFO        [FETCH]     https://nsearchives.nseindia.com/content/historical/EQUITIES/2023/NOV/cm15NOV2023bhav.csv.zip
2026-05-19 16:41:57  INFO        [SAVED]     HistoricalBhavCopy/NSE/2023/cm15NOV2023bhav.csv  (234 KB)
2026-05-19 16:42:00  INFO      [ 229 /  260]  Thursday, 16 Nov 2023
2026-05-19 16:42:00  INFO        [FETCH]     https://nsearchives.nseindia.com/content/historical/EQUITIES/2023/NOV/cm16NOV2023bhav.csv.zip
2026-05-19 16:42:00  INFO        [SAVED]     HistoricalBhavCopy/NSE/2023/cm16NOV2023bhav.csv  (237 KB)
2026-05-19 16:42:02  INFO      [ 230 /  260]  Friday, 17 Nov 2023
2026-05-19 16:42:02  INFO        [FETCH]     https://nsearchives.nseindia.com/content/historical/EQUITIES/2023/NOV/cm17NOV2023bhav.csv.zip
2026-05-19 16:42:02  INFO        [SAVED]     HistoricalBhavCopy/NSE/2023/cm17NOV2023bhav.csv  (236 KB)
2026-05-19 16:42:05  INFO      [ 231 /  260]  Monday, 20 Nov 2023
2026-05-19 16:42:05  INFO        [FETCH]     https://nsearchives.nseindia.com/content/historical/EQUITIES/2023/NOV/cm20NOV2023bhav.csv.zip
2026-05-19 16:42:06  INFO        [SAVED]     HistoricalBhavCopy/NSE/2023/cm20NOV2023bhav.csv  (241 KB)
2026-05-19 16:42:08  INFO      [ 232 /  260]  Tuesday, 21 Nov 2023
2026-05-19 16:42:08  INFO        [FETCH]     https://nsearchives.nseindia.com/content/historical/EQUITIES/2023/NOV/cm21NOV2023bhav.csv.zip
2026-05-19 16:42:09  INFO        [SAVED]     HistoricalBhavCopy/NSE/2023/cm21NOV2023bhav.csv  (238 KB)
2026-05-19 16:42:11  INFO      [ 233 /  260]  Wednesday, 22 Nov 2023
2026-05-19 16:42:11  INFO        [FETCH]     https://nsearchives.nseindia.com/content/historical/EQUITIES/2023/NOV/cm22NOV2023bhav.csv.zip
2026-05-19 16:42:11  INFO        [SAVED]     HistoricalBhavCopy/NSE/2023/cm22NOV2023bhav.csv  (237 KB)
2026-05-19 16:42:14  INFO      [ 234 /  260]  Thursday, 23 Nov 2023
2026-05-19 16:42:14  INFO        [FETCH]     https://nsearchives.nseindia.com/content/historical/EQUITIES/2023/NOV/cm23NOV2023bhav.csv.zip
2026-05-19 16:42:15  INFO        [SAVED]     HistoricalBhavCopy/NSE/2023/cm23NOV2023bhav.csv  (234 KB)
2026-05-19 16:42:18  INFO      [ 235 /  260]  Friday, 24 Nov 2023
2026-05-19 16:42:18  INFO        [FETCH]     https://nsearchives.nseindia.com/content/historical/EQUITIES/2023/NOV/cm24NOV2023bhav.csv.zip
2026-05-19 16:42:18  INFO        [SAVED]     HistoricalBhavCopy/NSE/2023/cm24NOV2023bhav.csv  (233 KB)
2026-05-19 16:42:21  INFO      [ 236 /  260]  Monday, 27 Nov 2023
2026-05-19 16:42:21  INFO        [FETCH]     https://nsearchives.nseindia.com/content/historical/EQUITIES/2023/NOV/cm27NOV2023bhav.csv.zip
2026-05-19 16:42:21  INFO        [HOLIDAY]   27-Nov-2023 → 404 (market holiday or no data)
2026-05-19 16:42:22  INFO      [ 237 /  260]  Tuesday, 28 Nov 2023
2026-05-19 16:42:22  INFO        [FETCH]     https://nsearchives.nseindia.com/content/historical/EQUITIES/2023/NOV/cm28NOV2023bhav.csv.zip
2026-05-19 16:42:24  INFO        [SAVED]     HistoricalBhavCopy/NSE/2023/cm28NOV2023bhav.csv  (239 KB)
2026-05-19 16:42:27  INFO      [ 238 /  260]  Wednesday, 29 Nov 2023
2026-05-19 16:42:27  INFO        [FETCH]     https://nsearchives.nseindia.com/content/historical/EQUITIES/2023/NOV/cm29NOV2023bhav.csv.zip
2026-05-19 16:42:28  INFO        [SAVED]     HistoricalBhavCopy/NSE/2023/cm29NOV2023bhav.csv  (238 KB)
2026-05-19 16:42:31  INFO      [ 239 /  260]  Thursday, 30 Nov 2023
2026-05-19 16:42:31  INFO        [FETCH]     https://nsearchives.nseindia.com/content/historical/EQUITIES/2023/NOV/cm30NOV2023bhav.csv.zip
2026-05-19 16:42:31  INFO        [SAVED]     HistoricalBhavCopy/NSE/2023/cm30NOV2023bhav.csv  (238 KB)
2026-05-19 16:42:34  INFO      [ 240 /  260]  Friday, 01 Dec 2023
2026-05-19 16:42:34  INFO        [FETCH]     https://nsearchives.nseindia.com/content/historical/EQUITIES/2023/DEC/cm01DEC2023bhav.csv.zip
2026-05-19 16:42:35  INFO        [SAVED]     HistoricalBhavCopy/NSE/2023/cm01DEC2023bhav.csv  (239 KB)
2026-05-19 16:42:38  INFO      [ 241 /  260]  Monday, 04 Dec 2023
2026-05-19 16:42:38  INFO        [FETCH]     https://nsearchives.nseindia.com/content/historical/EQUITIES/2023/DEC/cm04DEC2023bhav.csv.zip
2026-05-19 16:42:38  INFO        [SAVED]     HistoricalBhavCopy/NSE/2023/cm04DEC2023bhav.csv  (243 KB)
2026-05-19 16:42:40  INFO      [ 242 /  260]  Tuesday, 05 Dec 2023
2026-05-19 16:42:40  INFO        [FETCH]     https://nsearchives.nseindia.com/content/historical/EQUITIES/2023/DEC/cm05DEC2023bhav.csv.zip
2026-05-19 16:42:40  INFO        [SAVED]     HistoricalBhavCopy/NSE/2023/cm05DEC2023bhav.csv  (240 KB)
2026-05-19 16:42:42  INFO      [ 243 /  260]  Wednesday, 06 Dec 2023
2026-05-19 16:42:42  INFO        [FETCH]     https://nsearchives.nseindia.com/content/historical/EQUITIES/2023/DEC/cm06DEC2023bhav.csv.zip
2026-05-19 16:42:43  INFO        [SAVED]     HistoricalBhavCopy/NSE/2023/cm06DEC2023bhav.csv  (239 KB)
2026-05-19 16:42:44  INFO      [ 244 /  260]  Thursday, 07 Dec 2023
2026-05-19 16:42:44  INFO        [FETCH]     https://nsearchives.nseindia.com/content/historical/EQUITIES/2023/DEC/cm07DEC2023bhav.csv.zip
2026-05-19 16:42:44  INFO        [SAVED]     HistoricalBhavCopy/NSE/2023/cm07DEC2023bhav.csv  (237 KB)
2026-05-19 16:42:47  INFO      [ 245 /  260]  Friday, 08 Dec 2023
2026-05-19 16:42:47  INFO        [FETCH]     https://nsearchives.nseindia.com/content/historical/EQUITIES/2023/DEC/cm08DEC2023bhav.csv.zip
2026-05-19 16:42:48  INFO        [SAVED]     HistoricalBhavCopy/NSE/2023/cm08DEC2023bhav.csv  (239 KB)
2026-05-19 16:42:51  INFO      [ 246 /  260]  Monday, 11 Dec 2023
2026-05-19 16:42:51  INFO        [FETCH]     https://nsearchives.nseindia.com/content/historical/EQUITIES/2023/DEC/cm11DEC2023bhav.csv.zip
2026-05-19 16:42:51  INFO        [SAVED]     HistoricalBhavCopy/NSE/2023/cm11DEC2023bhav.csv  (243 KB)
2026-05-19 16:42:54  INFO      [ 247 /  260]  Tuesday, 12 Dec 2023
2026-05-19 16:42:54  INFO        [FETCH]     https://nsearchives.nseindia.com/content/historical/EQUITIES/2023/DEC/cm12DEC2023bhav.csv.zip
2026-05-19 16:42:54  INFO        [SAVED]     HistoricalBhavCopy/NSE/2023/cm12DEC2023bhav.csv  (238 KB)
2026-05-19 16:42:56  INFO      [ 248 /  260]  Wednesday, 13 Dec 2023
2026-05-19 16:42:56  INFO        [FETCH]     https://nsearchives.nseindia.com/content/historical/EQUITIES/2023/DEC/cm13DEC2023bhav.csv.zip
2026-05-19 16:42:57  INFO        [SAVED]     HistoricalBhavCopy/NSE/2023/cm13DEC2023bhav.csv  (238 KB)
2026-05-19 16:42:59  INFO      [ 249 /  260]  Thursday, 14 Dec 2023
2026-05-19 16:42:59  INFO        [FETCH]     https://nsearchives.nseindia.com/content/historical/EQUITIES/2023/DEC/cm14DEC2023bhav.csv.zip
2026-05-19 16:42:59  INFO        [SAVED]     HistoricalBhavCopy/NSE/2023/cm14DEC2023bhav.csv  (240 KB)
2026-05-19 16:43:01  INFO      [ 250 /  260]  Friday, 15 Dec 2023
2026-05-19 16:43:01  INFO        [FETCH]     https://nsearchives.nseindia.com/content/historical/EQUITIES/2023/DEC/cm15DEC2023bhav.csv.zip
2026-05-19 16:43:02  INFO        [SAVED]     HistoricalBhavCopy/NSE/2023/cm15DEC2023bhav.csv  (240 KB)
2026-05-19 16:43:05  INFO      ── Re-warming NSE session (request 251 / 260) ──
2026-05-19 16:43:05  INFO      Warming up NSE session (acquiring cookies)…
2026-05-19 16:43:05  WARNING   NSE warm-up failed (will still attempt downloads): 403 Client Error: Forbidden for url: https://www.nseindia.com/
2026-05-19 16:43:05  INFO      [ 251 /  260]  Monday, 18 Dec 2023
2026-05-19 16:43:05  INFO        [FETCH]     https://nsearchives.nseindia.com/content/historical/EQUITIES/2023/DEC/cm18DEC2023bhav.csv.zip
2026-05-19 16:43:05  INFO        [SAVED]     HistoricalBhavCopy/NSE/2023/cm18DEC2023bhav.csv  (244 KB)
2026-05-19 16:43:08  INFO      [ 252 /  260]  Tuesday, 19 Dec 2023
2026-05-19 16:43:08  INFO        [FETCH]     https://nsearchives.nseindia.com/content/historical/EQUITIES/2023/DEC/cm19DEC2023bhav.csv.zip
2026-05-19 16:43:09  INFO        [SAVED]     HistoricalBhavCopy/NSE/2023/cm19DEC2023bhav.csv  (240 KB)
2026-05-19 16:43:11  INFO      [ 253 /  260]  Wednesday, 20 Dec 2023
2026-05-19 16:43:11  INFO        [FETCH]     https://nsearchives.nseindia.com/content/historical/EQUITIES/2023/DEC/cm20DEC2023bhav.csv.zip
2026-05-19 16:43:12  INFO        [SAVED]     HistoricalBhavCopy/NSE/2023/cm20DEC2023bhav.csv  (239 KB)
2026-05-19 16:43:14  INFO      [ 254 /  260]  Thursday, 21 Dec 2023
2026-05-19 16:43:14  INFO        [FETCH]     https://nsearchives.nseindia.com/content/historical/EQUITIES/2023/DEC/cm21DEC2023bhav.csv.zip
2026-05-19 16:43:14  INFO        [SAVED]     HistoricalBhavCopy/NSE/2023/cm21DEC2023bhav.csv  (238 KB)
2026-05-19 16:43:17  INFO      [ 255 /  260]  Friday, 22 Dec 2023
2026-05-19 16:43:17  INFO        [FETCH]     https://nsearchives.nseindia.com/content/historical/EQUITIES/2023/DEC/cm22DEC2023bhav.csv.zip
2026-05-19 16:43:17  INFO        [SAVED]     HistoricalBhavCopy/NSE/2023/cm22DEC2023bhav.csv  (238 KB)
2026-05-19 16:43:21  INFO      [ 256 /  260]  Monday, 25 Dec 2023
2026-05-19 16:43:21  INFO        [FETCH]     https://nsearchives.nseindia.com/content/historical/EQUITIES/2023/DEC/cm25DEC2023bhav.csv.zip
2026-05-19 16:43:21  INFO        [HOLIDAY]   25-Dec-2023 → 404 (market holiday or no data)
2026-05-19 16:43:23  INFO      [ 257 /  260]  Tuesday, 26 Dec 2023
2026-05-19 16:43:23  INFO        [FETCH]     https://nsearchives.nseindia.com/content/historical/EQUITIES/2023/DEC/cm26DEC2023bhav.csv.zip
2026-05-19 16:43:23  INFO        [SAVED]     HistoricalBhavCopy/NSE/2023/cm26DEC2023bhav.csv  (242 KB)
2026-05-19 16:43:26  INFO      [ 258 /  260]  Wednesday, 27 Dec 2023
2026-05-19 16:43:26  INFO        [FETCH]     https://nsearchives.nseindia.com/content/historical/EQUITIES/2023/DEC/cm27DEC2023bhav.csv.zip
2026-05-19 16:43:26  INFO        [SAVED]     HistoricalBhavCopy/NSE/2023/cm27DEC2023bhav.csv  (240 KB)
2026-05-19 16:43:28  INFO      [ 259 /  260]  Thursday, 28 Dec 2023
2026-05-19 16:43:28  INFO        [FETCH]     https://nsearchives.nseindia.com/content/historical/EQUITIES/2023/DEC/cm28DEC2023bhav.csv.zip
2026-05-19 16:43:29  INFO        [SAVED]     HistoricalBhavCopy/NSE/2023/cm28DEC2023bhav.csv  (240 KB)
2026-05-19 16:43:31  INFO      [ 260 /  260]  Friday, 29 Dec 2023
2026-05-19 16:43:31  INFO        [FETCH]     https://nsearchives.nseindia.com/content/historical/EQUITIES/2023/DEC/cm29DEC2023bhav.csv.zip
2026-05-19 16:43:31  INFO        [SAVED]     HistoricalBhavCopy/NSE/2023/cm29DEC2023bhav.csv  (242 KB)
2026-05-19 16:43:33  INFO      
2026-05-19 16:43:33  INFO      ============================================================
2026-05-19 16:43:33  INFO      DOWNLOAD COMPLETE
2026-05-19 16:43:33  INFO        ✅  Downloaded : 245
2026-05-19 16:43:33  INFO        ⏭️  Skipped    : 0  (already on disk)
2026-05-19 16:43:33  INFO        📅  Holidays   : 15  (404 – no trading data)
2026-05-19 16:43:33  INFO        ❌  Errors     : 0  (see log for details)
2026-05-19 16:43:33  INFO        Log saved to  : /home/runner/work/nse-delivery-data/nse-delivery-data/bhav_download.log
2026-05-19 16:43:33  INFO      ============================================================
