2026-05-19 12:39:57  INFO      ==============================================================
2026-05-19 12:39:57  INFO      NSE Security Deliverable Data Downloader
2026-05-19 12:39:57  INFO        Target date  : 2026-05-19 (Tuesday)
2026-05-19 12:39:57  INFO        Output folder: /home/runner/work/nse-delivery-data/nse-delivery-data/NSE_Delivery_Data
2026-05-19 12:39:57  INFO      ==============================================================
2026-05-19 12:39:57  INFO      Handshake → NSE homepage (https://www.nseindia.com)
2026-05-19 12:39:57  WARNING     Handshake step failed (NSE homepage): 403 Client Error: Forbidden for url: https://www.nseindia.com/ — continuing anyway.
2026-05-19 12:39:57  INFO      Handshake → Market data page (https://www.nseindia.com/market-data/all-reports)
2026-05-19 12:39:58  WARNING     Handshake step failed (Market data page): 404 Client Error: Not Found for url: https://www.nseindia.com/market-data/all-reports — continuing anyway.
2026-05-19 12:40:00  INFO        [URL ]  https://nsearchives.nseindia.com/products/content/sec_bhavdata_full_19052026.csv
2026-05-19 12:40:01  INFO        [SAVE]  NSE_Delivery_Data/sec_bhavdata_full_19052026.csv  (355.8 KB)
2026-05-19 12:40:01  INFO        [INFO]  3210 rows × 15 columns
2026-05-19 12:40:01  INFO        [COLS]  ['SYMBOL', ' SERIES', ' DATE1', ' PREV_CLOSE', ' OPEN_PRICE', ' HIGH_PRICE', ' LOW_PRICE', ' LAST_PRICE']
2026-05-19 12:40:01  INFO      ==============================================================
2026-05-19 12:40:01  INFO      ✅  Download complete for 2026-05-19
2026-05-19 12:40:01  INFO      ==============================================================
2026-05-19 16:13:38  INFO      ==============================================================
2026-05-19 16:13:38  INFO      NSE Security Deliverable Data Downloader
2026-05-19 16:13:38  INFO        Target date  : 2026-05-19 (Tuesday)
2026-05-19 16:13:38  INFO        Output folder: /home/runner/work/nse-delivery-data/nse-delivery-data/NSE_Delivery_Data
2026-05-19 16:13:38  INFO      ==============================================================
2026-05-19 16:13:38  INFO      Handshake → NSE homepage (https://www.nseindia.com)
2026-05-19 16:13:38  WARNING     Handshake step failed (NSE homepage): 403 Client Error: Forbidden for url: https://www.nseindia.com/ — continuing anyway.
2026-05-19 16:13:38  INFO      Handshake → Market data page (https://www.nseindia.com/market-data/all-reports)
2026-05-19 16:13:38  WARNING     Handshake step failed (Market data page): 404 Client Error: Not Found for url: https://www.nseindia.com/market-data/all-reports — continuing anyway.
2026-05-19 16:13:42  INFO        [SKIP]  sec_bhavdata_full_19052026.csv already exists on disk.
2026-05-19 16:13:42  INFO      ==============================================================
2026-05-19 16:13:42  INFO      ✅  Download complete for 2026-05-19
2026-05-19 16:13:42  INFO      ==============================================================
2026-05-20 16:20:06  INFO      ==============================================================
2026-05-20 16:20:06  INFO      NSE Security Deliverable Data Downloader
2026-05-20 16:20:06  INFO        Target date  : 2026-05-20 (Wednesday)
2026-05-20 16:20:06  INFO        Output folder: /home/runner/work/nse-delivery-data/nse-delivery-data/NSE_Delivery_Data
2026-05-20 16:20:06  INFO      ==============================================================
2026-05-20 16:20:06  INFO      Handshake → NSE homepage (https://www.nseindia.com)
2026-05-20 16:20:06  WARNING     Handshake step failed (NSE homepage): 403 Client Error: Forbidden for url: https://www.nseindia.com/ — continuing anyway.
2026-05-20 16:20:06  INFO      Handshake → Market data page (https://www.nseindia.com/market-data/all-reports)
2026-05-20 16:20:07  WARNING     Handshake step failed (Market data page): 404 Client Error: Not Found for url: https://www.nseindia.com/market-data/all-reports — continuing anyway.
2026-05-20 16:20:09  INFO        [URL ]  https://nsearchives.nseindia.com/products/content/sec_bhavdata_full_20052026.csv
2026-05-20 16:20:10  INFO        [SAVE]  NSE_Delivery_Data/sec_bhavdata_full_20052026.csv  (356.0 KB)
2026-05-20 16:20:10  INFO        [INFO]  3215 rows × 15 columns
2026-05-20 16:20:10  INFO        [COLS]  ['SYMBOL', ' SERIES', ' DATE1', ' PREV_CLOSE', ' OPEN_PRICE', ' HIGH_PRICE', ' LOW_PRICE', ' LAST_PRICE']
2026-05-20 16:20:10  INFO      ==============================================================
2026-05-20 16:20:10  INFO      ✅  Download complete for 2026-05-20
2026-05-20 16:20:10  INFO      ==============================================================
